------------------------------------------------------------
Timing Analyzer Summary
------------------------------------------------------------

Type  : Slow 1200mV 85C Model Setup 'SysClock'
Slack : -7.347
TNS   : -58.167

Type  : Slow 1200mV 85C Model Setup 'triscPCU:triscPCU_inst|triscFSM:comb_4|state.E'
Slack : -7.289
TNS   : -85.819

Type  : Slow 1200mV 85C Model Setup 'ClockIn'
Slack : -6.542
TNS   : -31.786

Type  : Slow 1200mV 85C Model Setup 'triscPCU:triscPCU_inst|triscFSM:comb_4|state.H'
Slack : -6.540
TNS   : -25.107

Type  : Slow 1200mV 85C Model Setup 'triscPCU:triscPCU_inst|triscFSM:comb_4|state.U'
Slack : -6.101
TNS   : -23.541

Type  : Slow 1200mV 85C Model Setup 'triscPCU:triscPCU_inst|triscFSM:comb_4|state.F'
Slack : -3.327
TNS   : -12.243

Type  : Slow 1200mV 85C Model Setup 'IR:InstructionReg|Q[0]'
Slack : -2.746
TNS   : -22.147

Type  : Slow 1200mV 85C Model Setup 'triscPCU:triscPCU_inst|triscFSM:comb_4|state.L'
Slack : -1.694
TNS   : -6.429

Type  : Slow 1200mV 85C Model Setup 'OnOffToggle:DivideX2|state'
Slack : -0.166
TNS   : -0.324

Type  : Slow 1200mV 85C Model Hold 'triscPCU:triscPCU_inst|triscFSM:comb_4|state.E'
Slack : 0.336
TNS   : 0.000

Type  : Slow 1200mV 85C Model Hold 'OnOffToggle:DivideX2|state'
Slack : 0.348
TNS   : 0.000

Type  : Slow 1200mV 85C Model Hold 'IR:InstructionReg|Q[0]'
Slack : 0.353
TNS   : 0.000

Type  : Slow 1200mV 85C Model Hold 'SysClock'
Slack : 0.977
TNS   : 0.000

Type  : Slow 1200mV 85C Model Hold 'triscPCU:triscPCU_inst|triscFSM:comb_4|state.L'
Slack : 0.979
TNS   : 0.000

Type  : Slow 1200mV 85C Model Hold 'triscPCU:triscPCU_inst|triscFSM:comb_4|state.U'
Slack : 1.271
TNS   : 0.000

Type  : Slow 1200mV 85C Model Hold 'ClockIn'
Slack : 1.323
TNS   : 0.000

Type  : Slow 1200mV 85C Model Hold 'triscPCU:triscPCU_inst|triscFSM:comb_4|state.F'
Slack : 1.648
TNS   : 0.000

Type  : Slow 1200mV 85C Model Hold 'triscPCU:triscPCU_inst|triscFSM:comb_4|state.H'
Slack : 4.785
TNS   : 0.000

Type  : Slow 1200mV 85C Model Recovery 'triscPCU:triscPCU_inst|triscFSM:comb_4|state.F'
Slack : -2.531
TNS   : -10.071

Type  : Slow 1200mV 85C Model Recovery 'triscPCU:triscPCU_inst|triscFSM:comb_4|state.E'
Slack : -2.221
TNS   : -8.690

Type  : Slow 1200mV 85C Model Recovery 'triscPCU:triscPCU_inst|triscFSM:comb_4|state.H'
Slack : -2.057
TNS   : -6.962

Type  : Slow 1200mV 85C Model Recovery 'triscPCU:triscPCU_inst|triscFSM:comb_4|state.L'
Slack : -1.337
TNS   : -5.143

Type  : Slow 1200mV 85C Model Removal 'triscPCU:triscPCU_inst|triscFSM:comb_4|state.L'
Slack : 0.666
TNS   : 0.000

Type  : Slow 1200mV 85C Model Removal 'triscPCU:triscPCU_inst|triscFSM:comb_4|state.H'
Slack : 1.050
TNS   : 0.000

Type  : Slow 1200mV 85C Model Removal 'triscPCU:triscPCU_inst|triscFSM:comb_4|state.F'
Slack : 1.546
TNS   : 0.000

Type  : Slow 1200mV 85C Model Removal 'triscPCU:triscPCU_inst|triscFSM:comb_4|state.E'
Slack : 1.856
TNS   : 0.000

Type  : Slow 1200mV 85C Model Minimum Pulse Width 'SysClock'
Slack : -3.000
TNS   : -59.105

Type  : Slow 1200mV 85C Model Minimum Pulse Width 'ClockIn'
Slack : -3.000
TNS   : -31.045

Type  : Slow 1200mV 85C Model Minimum Pulse Width 'triscPCU:triscPCU_inst|triscFSM:comb_4|state.E'
Slack : -1.403
TNS   : -11.224

Type  : Slow 1200mV 85C Model Minimum Pulse Width 'OnOffToggle:DivideX2|state'
Slack : -1.403
TNS   : -5.612

Type  : Slow 1200mV 85C Model Minimum Pulse Width 'triscPCU:triscPCU_inst|triscFSM:comb_4|state.F'
Slack : -1.403
TNS   : -5.612

Type  : Slow 1200mV 85C Model Minimum Pulse Width 'triscPCU:triscPCU_inst|triscFSM:comb_4|state.U'
Slack : -1.403
TNS   : -5.612

Type  : Slow 1200mV 85C Model Minimum Pulse Width 'IR:InstructionReg|Q[0]'
Slack : 0.310
TNS   : 0.000

Type  : Slow 1200mV 85C Model Minimum Pulse Width 'triscPCU:triscPCU_inst|triscFSM:comb_4|state.H'
Slack : 0.414
TNS   : 0.000

Type  : Slow 1200mV 85C Model Minimum Pulse Width 'triscPCU:triscPCU_inst|triscFSM:comb_4|state.L'
Slack : 0.431
TNS   : 0.000

Type  : Slow 1200mV 0C Model Setup 'SysClock'
Slack : -6.788
TNS   : -49.814

Type  : Slow 1200mV 0C Model Setup 'triscPCU:triscPCU_inst|triscFSM:comb_4|state.E'
Slack : -6.591
TNS   : -80.110

Type  : Slow 1200mV 0C Model Setup 'ClockIn'
Slack : -6.058
TNS   : -29.011

Type  : Slow 1200mV 0C Model Setup 'triscPCU:triscPCU_inst|triscFSM:comb_4|state.H'
Slack : -5.958
TNS   : -22.784

Type  : Slow 1200mV 0C Model Setup 'triscPCU:triscPCU_inst|triscFSM:comb_4|state.U'
Slack : -5.507
TNS   : -21.258

Type  : Slow 1200mV 0C Model Setup 'triscPCU:triscPCU_inst|triscFSM:comb_4|state.F'
Slack : -2.955
TNS   : -10.812

Type  : Slow 1200mV 0C Model Setup 'IR:InstructionReg|Q[0]'
Slack : -2.642
TNS   : -22.128

Type  : Slow 1200mV 0C Model Setup 'triscPCU:triscPCU_inst|triscFSM:comb_4|state.L'
Slack : -1.597
TNS   : -6.093

Type  : Slow 1200mV 0C Model Setup 'OnOffToggle:DivideX2|state'
Slack : -0.064
TNS   : -0.122

Type  : Slow 1200mV 0C Model Hold 'triscPCU:triscPCU_inst|triscFSM:comb_4|state.E'
Slack : 0.264
TNS   : 0.000

Type  : Slow 1200mV 0C Model Hold 'OnOffToggle:DivideX2|state'
Slack : 0.313
TNS   : 0.000

Type  : Slow 1200mV 0C Model Hold 'IR:InstructionReg|Q[0]'
Slack : 0.516
TNS   : 0.000

Type  : Slow 1200mV 0C Model Hold 'SysClock'
Slack : 0.719
TNS   : 0.000

Type  : Slow 1200mV 0C Model Hold 'triscPCU:triscPCU_inst|triscFSM:comb_4|state.L'
Slack : 1.026
TNS   : 0.000

Type  : Slow 1200mV 0C Model Hold 'triscPCU:triscPCU_inst|triscFSM:comb_4|state.U'
Slack : 1.110
TNS   : 0.000

Type  : Slow 1200mV 0C Model Hold 'ClockIn'
Slack : 1.227
TNS   : 0.000

Type  : Slow 1200mV 0C Model Hold 'triscPCU:triscPCU_inst|triscFSM:comb_4|state.F'
Slack : 1.506
TNS   : 0.000

Type  : Slow 1200mV 0C Model Hold 'triscPCU:triscPCU_inst|triscFSM:comb_4|state.H'
Slack : 4.407
TNS   : 0.000

Type  : Slow 1200mV 0C Model Recovery 'triscPCU:triscPCU_inst|triscFSM:comb_4|state.F'
Slack : -2.367
TNS   : -9.435

Type  : Slow 1200mV 0C Model Recovery 'triscPCU:triscPCU_inst|triscFSM:comb_4|state.H'
Slack : -2.015
TNS   : -6.877

Type  : Slow 1200mV 0C Model Recovery 'triscPCU:triscPCU_inst|triscFSM:comb_4|state.E'
Slack : -1.840
TNS   : -7.194

Type  : Slow 1200mV 0C Model Recovery 'triscPCU:triscPCU_inst|triscFSM:comb_4|state.L'
Slack : -1.349
TNS   : -5.226

Type  : Slow 1200mV 0C Model Removal 'triscPCU:triscPCU_inst|triscFSM:comb_4|state.L'
Slack : 0.841
TNS   : 0.000

Type  : Slow 1200mV 0C Model Removal 'triscPCU:triscPCU_inst|triscFSM:comb_4|state.H'
Slack : 1.161
TNS   : 0.000

Type  : Slow 1200mV 0C Model Removal 'triscPCU:triscPCU_inst|triscFSM:comb_4|state.F'
Slack : 1.486
TNS   : 0.000

Type  : Slow 1200mV 0C Model Removal 'triscPCU:triscPCU_inst|triscFSM:comb_4|state.E'
Slack : 1.741
TNS   : 0.000

Type  : Slow 1200mV 0C Model Minimum Pulse Width 'SysClock'
Slack : -3.000
TNS   : -58.126

Type  : Slow 1200mV 0C Model Minimum Pulse Width 'ClockIn'
Slack : -3.000
TNS   : -30.066

Type  : Slow 1200mV 0C Model Minimum Pulse Width 'triscPCU:triscPCU_inst|triscFSM:comb_4|state.E'
Slack : -1.403
TNS   : -11.224

Type  : Slow 1200mV 0C Model Minimum Pulse Width 'OnOffToggle:DivideX2|state'
Slack : -1.403
TNS   : -5.612

Type  : Slow 1200mV 0C Model Minimum Pulse Width 'triscPCU:triscPCU_inst|triscFSM:comb_4|state.F'
Slack : -1.403
TNS   : -5.612

Type  : Slow 1200mV 0C Model Minimum Pulse Width 'triscPCU:triscPCU_inst|triscFSM:comb_4|state.U'
Slack : -1.403
TNS   : -5.612

Type  : Slow 1200mV 0C Model Minimum Pulse Width 'IR:InstructionReg|Q[0]'
Slack : 0.288
TNS   : 0.000

Type  : Slow 1200mV 0C Model Minimum Pulse Width 'triscPCU:triscPCU_inst|triscFSM:comb_4|state.L'
Slack : 0.428
TNS   : 0.000

Type  : Slow 1200mV 0C Model Minimum Pulse Width 'triscPCU:triscPCU_inst|triscFSM:comb_4|state.H'
Slack : 0.462
TNS   : 0.000

Type  : Fast 1200mV 0C Model Setup 'triscPCU:triscPCU_inst|triscFSM:comb_4|state.E'
Slack : -3.564
TNS   : -29.908

Type  : Fast 1200mV 0C Model Setup 'SysClock'
Slack : -3.057
TNS   : -16.849

Type  : Fast 1200mV 0C Model Setup 'triscPCU:triscPCU_inst|triscFSM:comb_4|state.U'
Slack : -2.877
TNS   : -11.155

Type  : Fast 1200mV 0C Model Setup 'triscPCU:triscPCU_inst|triscFSM:comb_4|state.H'
Slack : -2.726
TNS   : -10.361

Type  : Fast 1200mV 0C Model Setup 'ClockIn'
Slack : -2.628
TNS   : -7.881

Type  : Fast 1200mV 0C Model Setup 'triscPCU:triscPCU_inst|triscFSM:comb_4|state.F'
Slack : -1.196
TNS   : -4.295

Type  : Fast 1200mV 0C Model Setup 'IR:InstructionReg|Q[0]'
Slack : -1.027
TNS   : -1.952

Type  : Fast 1200mV 0C Model Setup 'triscPCU:triscPCU_inst|triscFSM:comb_4|state.L'
Slack : -0.366
TNS   : -1.276

Type  : Fast 1200mV 0C Model Setup 'OnOffToggle:DivideX2|state'
Slack : 0.500
TNS   : 0.000

Type  : Fast 1200mV 0C Model Hold 'IR:InstructionReg|Q[0]'
Slack : -0.098
TNS   : -0.559

Type  : Fast 1200mV 0C Model Hold 'OnOffToggle:DivideX2|state'
Slack : 0.152
TNS   : 0.000

Type  : Fast 1200mV 0C Model Hold 'triscPCU:triscPCU_inst|triscFSM:comb_4|state.E'
Slack : 0.195
TNS   : 0.000

Type  : Fast 1200mV 0C Model Hold 'triscPCU:triscPCU_inst|triscFSM:comb_4|state.U'
Slack : 0.287
TNS   : 0.000

Type  : Fast 1200mV 0C Model Hold 'triscPCU:triscPCU_inst|triscFSM:comb_4|state.F'
Slack : 0.493
TNS   : 0.000

Type  : Fast 1200mV 0C Model Hold 'ClockIn'
Slack : 0.511
TNS   : 0.000

Type  : Fast 1200mV 0C Model Hold 'triscPCU:triscPCU_inst|triscFSM:comb_4|state.L'
Slack : 0.598
TNS   : 0.000

Type  : Fast 1200mV 0C Model Hold 'SysClock'
Slack : 0.730
TNS   : 0.000

Type  : Fast 1200mV 0C Model Hold 'triscPCU:triscPCU_inst|triscFSM:comb_4|state.H'
Slack : 2.386
TNS   : 0.000

Type  : Fast 1200mV 0C Model Recovery 'triscPCU:triscPCU_inst|triscFSM:comb_4|state.E'
Slack : -0.844
TNS   : -3.276

Type  : Fast 1200mV 0C Model Recovery 'triscPCU:triscPCU_inst|triscFSM:comb_4|state.F'
Slack : -0.440
TNS   : -1.739

Type  : Fast 1200mV 0C Model Recovery 'triscPCU:triscPCU_inst|triscFSM:comb_4|state.H'
Slack : -0.333
TNS   : -0.760

Type  : Fast 1200mV 0C Model Recovery 'triscPCU:triscPCU_inst|triscFSM:comb_4|state.L'
Slack : 0.016
TNS   : 0.000

Type  : Fast 1200mV 0C Model Removal 'triscPCU:triscPCU_inst|triscFSM:comb_4|state.L'
Slack : 0.221
TNS   : 0.000

Type  : Fast 1200mV 0C Model Removal 'triscPCU:triscPCU_inst|triscFSM:comb_4|state.H'
Slack : 0.419
TNS   : 0.000

Type  : Fast 1200mV 0C Model Removal 'triscPCU:triscPCU_inst|triscFSM:comb_4|state.F'
Slack : 0.438
TNS   : 0.000

Type  : Fast 1200mV 0C Model Removal 'triscPCU:triscPCU_inst|triscFSM:comb_4|state.E'
Slack : 0.584
TNS   : 0.000

Type  : Fast 1200mV 0C Model Minimum Pulse Width 'SysClock'
Slack : -3.000
TNS   : -40.626

Type  : Fast 1200mV 0C Model Minimum Pulse Width 'ClockIn'
Slack : -3.000
TNS   : -19.027

Type  : Fast 1200mV 0C Model Minimum Pulse Width 'triscPCU:triscPCU_inst|triscFSM:comb_4|state.E'
Slack : -1.000
TNS   : -8.000

Type  : Fast 1200mV 0C Model Minimum Pulse Width 'OnOffToggle:DivideX2|state'
Slack : -1.000
TNS   : -4.000

Type  : Fast 1200mV 0C Model Minimum Pulse Width 'triscPCU:triscPCU_inst|triscFSM:comb_4|state.F'
Slack : -1.000
TNS   : -4.000

Type  : Fast 1200mV 0C Model Minimum Pulse Width 'triscPCU:triscPCU_inst|triscFSM:comb_4|state.U'
Slack : -1.000
TNS   : -4.000

Type  : Fast 1200mV 0C Model Minimum Pulse Width 'triscPCU:triscPCU_inst|triscFSM:comb_4|state.L'
Slack : 0.359
TNS   : 0.000

Type  : Fast 1200mV 0C Model Minimum Pulse Width 'IR:InstructionReg|Q[0]'
Slack : 0.387
TNS   : 0.000

Type  : Fast 1200mV 0C Model Minimum Pulse Width 'triscPCU:triscPCU_inst|triscFSM:comb_4|state.H'
Slack : 0.397
TNS   : 0.000

------------------------------------------------------------
