Analysis & Synthesis report for trisc
Sat Dec 04 14:48:22 2021
Quartus Prime Version 20.1.1 Build 720 11/11/2020 SJ Lite Edition


---------------------
; Table of Contents ;
---------------------
  1. Legal Notice
  2. Analysis & Synthesis Summary
  3. Analysis & Synthesis Settings
  4. Parallel Compilation
  5. Analysis & Synthesis Source Files Read
  6. Analysis & Synthesis Resource Usage Summary
  7. Analysis & Synthesis Resource Utilization by Entity
  8. Analysis & Synthesis RAM Summary
  9. State Machine - |trisc|triscPCU:comb_30|triscFSM:comb_4|state
 10. User-Specified and Inferred Latches
 11. Registers Removed During Synthesis
 12. General Register Statistics
 13. Multiplexer Restructuring Statistics (Restructuring Performed)
 14. Source assignments for triscRAM:RAM|altsyncram:altsyncram_component|altsyncram_6fl1:auto_generated
 15. Parameter Settings for User Entity Instance: OnOffToggle:DivideX2
 16. Parameter Settings for User Entity Instance: BinUp:AddressGen
 17. Parameter Settings for User Entity Instance: triscRAM:RAM|altsyncram:altsyncram_component
 18. Parameter Settings for User Entity Instance: IR:IR
 19. Parameter Settings for User Entity Instance: triscPCU:comb_30|triscFSM:comb_4
 20. Parameter Settings for User Entity Instance: acc:comb_31|two2one:two2oneMUX
 21. Parameter Settings for User Entity Instance: acc:comb_31|BinUp:RegCount
 22. Parameter Settings for User Entity Instance: IR:BR
 23. Parameter Settings for User Entity Instance: BinUp:comb_37
 24. altsyncram Parameter Settings by Entity Instance
 25. Port Connectivity Checks: "alu:comb_36|AdderSubtractor:comb_3"
 26. Port Connectivity Checks: "acc:comb_31"
 27. Port Connectivity Checks: "triscPCU:comb_30|fourtosixteen:comb_3"
 28. Port Connectivity Checks: "BinUp:AddressGen"
 29. Port Connectivity Checks: "OnOffToggle:DivideX2"
 30. Post-Synthesis Netlist Statistics for Top Partition
 31. Elapsed Time Per Partition
 32. Analysis & Synthesis Messages



----------------
; Legal Notice ;
----------------
Copyright (C) 2020  Intel Corporation. All rights reserved.
Your use of Intel Corporation's design tools, logic functions 
and other software and tools, and any partner logic 
functions, and any output files from any of the foregoing 
(including device programming or simulation files), and any 
associated documentation or information are expressly subject 
to the terms and conditions of the Intel Program License 
Subscription Agreement, the Intel Quartus Prime License Agreement,
the Intel FPGA IP License Agreement, or other applicable license
agreement, including, without limitation, that your use is for
the sole purpose of programming logic devices manufactured by
Intel and sold by Intel or its authorized distributors.  Please
refer to the applicable agreement for further details, at
https://fpgasoftware.intel.com/eula.



+----------------------------------------------------------------------------------+
; Analysis & Synthesis Summary                                                     ;
+------------------------------------+---------------------------------------------+
; Analysis & Synthesis Status        ; Successful - Sat Dec 04 14:48:22 2021       ;
; Quartus Prime Version              ; 20.1.1 Build 720 11/11/2020 SJ Lite Edition ;
; Revision Name                      ; trisc                                       ;
; Top-level Entity Name              ; trisc                                       ;
; Family                             ; MAX 10                                      ;
; Total logic elements               ; 156                                         ;
;     Total combinational functions  ; 151                                         ;
;     Dedicated logic registers      ; 38                                          ;
; Total registers                    ; 38                                          ;
; Total pins                         ; 75                                          ;
; Total virtual pins                 ; 0                                           ;
; Total memory bits                  ; 128                                         ;
; Embedded Multiplier 9-bit elements ; 0                                           ;
; Total PLLs                         ; 0                                           ;
; UFM blocks                         ; 0                                           ;
; ADC blocks                         ; 0                                           ;
+------------------------------------+---------------------------------------------+


+------------------------------------------------------------------------------------------------------------+
; Analysis & Synthesis Settings                                                                              ;
+------------------------------------------------------------------+--------------------+--------------------+
; Option                                                           ; Setting            ; Default Value      ;
+------------------------------------------------------------------+--------------------+--------------------+
; Device                                                           ; 10M50DAF484C7G     ;                    ;
; Top-level entity name                                            ; trisc              ; trisc              ;
; Family name                                                      ; MAX 10             ; Cyclone V          ;
; Use smart compilation                                            ; Off                ; Off                ;
; Enable parallel Assembler and Timing Analyzer during compilation ; On                 ; On                 ;
; Enable compact report table                                      ; Off                ; Off                ;
; Restructure Multiplexers                                         ; Auto               ; Auto               ;
; Create Debugging Nodes for IP Cores                              ; Off                ; Off                ;
; Preserve fewer node names                                        ; On                 ; On                 ;
; Intel FPGA IP Evaluation Mode                                    ; Enable             ; Enable             ;
; Verilog Version                                                  ; Verilog_2001       ; Verilog_2001       ;
; VHDL Version                                                     ; VHDL_1993          ; VHDL_1993          ;
; State Machine Processing                                         ; Auto               ; Auto               ;
; Safe State Machine                                               ; Off                ; Off                ;
; Extract Verilog State Machines                                   ; On                 ; On                 ;
; Extract VHDL State Machines                                      ; On                 ; On                 ;
; Ignore Verilog initial constructs                                ; Off                ; Off                ;
; Iteration limit for constant Verilog loops                       ; 5000               ; 5000               ;
; Iteration limit for non-constant Verilog loops                   ; 250                ; 250                ;
; Add Pass-Through Logic to Inferred RAMs                          ; On                 ; On                 ;
; Infer RAMs from Raw Logic                                        ; On                 ; On                 ;
; Parallel Synthesis                                               ; On                 ; On                 ;
; DSP Block Balancing                                              ; Auto               ; Auto               ;
; NOT Gate Push-Back                                               ; On                 ; On                 ;
; Power-Up Don't Care                                              ; On                 ; On                 ;
; Remove Redundant Logic Cells                                     ; Off                ; Off                ;
; Remove Duplicate Registers                                       ; On                 ; On                 ;
; Ignore CARRY Buffers                                             ; Off                ; Off                ;
; Ignore CASCADE Buffers                                           ; Off                ; Off                ;
; Ignore GLOBAL Buffers                                            ; Off                ; Off                ;
; Ignore ROW GLOBAL Buffers                                        ; Off                ; Off                ;
; Ignore LCELL Buffers                                             ; Off                ; Off                ;
; Ignore SOFT Buffers                                              ; On                 ; On                 ;
; Limit AHDL Integers to 32 Bits                                   ; Off                ; Off                ;
; Optimization Technique                                           ; Balanced           ; Balanced           ;
; Carry Chain Length                                               ; 70                 ; 70                 ;
; Auto Carry Chains                                                ; On                 ; On                 ;
; Auto Open-Drain Pins                                             ; On                 ; On                 ;
; Perform WYSIWYG Primitive Resynthesis                            ; Off                ; Off                ;
; Auto ROM Replacement                                             ; On                 ; On                 ;
; Auto RAM Replacement                                             ; On                 ; On                 ;
; Auto DSP Block Replacement                                       ; On                 ; On                 ;
; Auto Shift Register Replacement                                  ; Auto               ; Auto               ;
; Allow Shift Register Merging across Hierarchies                  ; Auto               ; Auto               ;
; Auto Clock Enable Replacement                                    ; On                 ; On                 ;
; Strict RAM Replacement                                           ; Off                ; Off                ;
; Allow Synchronous Control Signals                                ; On                 ; On                 ;
; Force Use of Synchronous Clear Signals                           ; Off                ; Off                ;
; Auto RAM Block Balancing                                         ; On                 ; On                 ;
; Auto RAM to Logic Cell Conversion                                ; Off                ; Off                ;
; Auto Resource Sharing                                            ; Off                ; Off                ;
; Allow Any RAM Size For Recognition                               ; Off                ; Off                ;
; Allow Any ROM Size For Recognition                               ; Off                ; Off                ;
; Allow Any Shift Register Size For Recognition                    ; Off                ; Off                ;
; Use LogicLock Constraints during Resource Balancing              ; On                 ; On                 ;
; Ignore translate_off and synthesis_off directives                ; Off                ; Off                ;
; Timing-Driven Synthesis                                          ; On                 ; On                 ;
; Report Parameter Settings                                        ; On                 ; On                 ;
; Report Source Assignments                                        ; On                 ; On                 ;
; Report Connectivity Checks                                       ; On                 ; On                 ;
; Ignore Maximum Fan-Out Assignments                               ; Off                ; Off                ;
; Synchronization Register Chain Length                            ; 2                  ; 2                  ;
; Power Optimization During Synthesis                              ; Normal compilation ; Normal compilation ;
; HDL message level                                                ; Level2             ; Level2             ;
; Suppress Register Optimization Related Messages                  ; Off                ; Off                ;
; Number of Removed Registers Reported in Synthesis Report         ; 5000               ; 5000               ;
; Number of Swept Nodes Reported in Synthesis Report               ; 5000               ; 5000               ;
; Number of Inverted Registers Reported in Synthesis Report        ; 100                ; 100                ;
; Clock MUX Protection                                             ; On                 ; On                 ;
; Auto Gated Clock Conversion                                      ; Off                ; Off                ;
; Block Design Naming                                              ; Auto               ; Auto               ;
; SDC constraint protection                                        ; Off                ; Off                ;
; Synthesis Effort                                                 ; Auto               ; Auto               ;
; Shift Register Replacement - Allow Asynchronous Clear Signal     ; On                 ; On                 ;
; Pre-Mapping Resynthesis Optimization                             ; Off                ; Off                ;
; Analysis & Synthesis Message Level                               ; Medium             ; Medium             ;
; Disable Register Merging Across Hierarchies                      ; Auto               ; Auto               ;
; Resource Aware Inference For Block RAM                           ; On                 ; On                 ;
+------------------------------------------------------------------+--------------------+--------------------+


+------------------------------------------+
; Parallel Compilation                     ;
+----------------------------+-------------+
; Processors                 ; Number      ;
+----------------------------+-------------+
; Number detected on machine ; 8           ;
; Maximum allowed            ; 4           ;
;                            ;             ;
; Average used               ; 1.00        ;
; Maximum used               ; 4           ;
;                            ;             ;
; Usage by Processor         ; % Time Used ;
;     Processor 1            ; 100.0%      ;
;     Processor 2            ;   0.0%      ;
;     Processors 3-4         ;   0.0%      ;
+----------------------------+-------------+


+--------------------------------------------------------------------------------------------------------------------------------------------------------------------------+
; Analysis & Synthesis Source Files Read                                                                                                                                   ;
+--------------------------------------+-----------------+------------------------------+------------------------------------------------------------------------+---------+
; File Name with User-Entered Path     ; Used in Netlist ; File Type                    ; File Name with Absolute Path                                           ; Library ;
+--------------------------------------+-----------------+------------------------------+------------------------------------------------------------------------+---------+
; ../triscFSM/triscFSM.v               ; yes             ; User Verilog HDL File        ; E:/Fall_2021/CSE_2441/trisc/triscFSM/triscFSM.v                        ;         ;
; ../alu/alu.v                         ; yes             ; User Verilog HDL File        ; E:/Fall_2021/CSE_2441/trisc/alu/alu.v                                  ;         ;
; ../triscPCU/triscPCU.v               ; yes             ; User Verilog HDL File        ; E:/Fall_2021/CSE_2441/trisc/triscPCU/triscPCU.v                        ;         ;
; ../AdderSubtractor/AdderSubtractor.v ; yes             ; User Verilog HDL File        ; E:/Fall_2021/CSE_2441/trisc/AdderSubtractor/AdderSubtractor.v          ;         ;
; ../fulladder/fulladder.v             ; yes             ; User Verilog HDL File        ; E:/Fall_2021/CSE_2441/trisc/fulladder/fulladder.v                      ;         ;
; ../binary2seven/binary2seven.v       ; yes             ; User Verilog HDL File        ; E:/Fall_2021/CSE_2441/trisc/binary2seven/binary2seven.v                ;         ;
; ../fourtosixteen/fourtosixteen.v     ; yes             ; User Verilog HDL File        ; E:/Fall_2021/CSE_2441/trisc/fourtosixteen/fourtosixteen.v              ;         ;
; ../OnOffToggle/OnOffToggle.v         ; yes             ; User Verilog HDL File        ; E:/Fall_2021/CSE_2441/trisc/OnOffToggle/OnOffToggle.v                  ;         ;
; ../BinUp/BinUp.v                     ; yes             ; User Verilog HDL File        ; E:/Fall_2021/CSE_2441/trisc/BinUp/BinUp.v                              ;         ;
; trisc.v                              ; yes             ; User Verilog HDL File        ; E:/Fall_2021/CSE_2441/trisc/trisc/trisc.v                              ;         ;
; ../triscRAM/triscRAM.v               ; yes             ; User Wizard-Generated File   ; E:/Fall_2021/CSE_2441/trisc/triscRAM/triscRAM.v                        ;         ;
; IR.v                                 ; yes             ; User Verilog HDL File        ; E:/Fall_2021/CSE_2441/trisc/trisc/IR.v                                 ;         ;
; acc.v                                ; yes             ; User Verilog HDL File        ; E:/Fall_2021/CSE_2441/trisc/trisc/acc.v                                ;         ;
; two2one.v                            ; yes             ; User Verilog HDL File        ; E:/Fall_2021/CSE_2441/trisc/trisc/two2one.v                            ;         ;
; altsyncram.tdf                       ; yes             ; Megafunction                 ; d:/quartus_prime/quartus/libraries/megafunctions/altsyncram.tdf        ;         ;
; stratix_ram_block.inc                ; yes             ; Megafunction                 ; d:/quartus_prime/quartus/libraries/megafunctions/stratix_ram_block.inc ;         ;
; lpm_mux.inc                          ; yes             ; Megafunction                 ; d:/quartus_prime/quartus/libraries/megafunctions/lpm_mux.inc           ;         ;
; lpm_decode.inc                       ; yes             ; Megafunction                 ; d:/quartus_prime/quartus/libraries/megafunctions/lpm_decode.inc        ;         ;
; aglobal201.inc                       ; yes             ; Megafunction                 ; d:/quartus_prime/quartus/libraries/megafunctions/aglobal201.inc        ;         ;
; a_rdenreg.inc                        ; yes             ; Megafunction                 ; d:/quartus_prime/quartus/libraries/megafunctions/a_rdenreg.inc         ;         ;
; altrom.inc                           ; yes             ; Megafunction                 ; d:/quartus_prime/quartus/libraries/megafunctions/altrom.inc            ;         ;
; altram.inc                           ; yes             ; Megafunction                 ; d:/quartus_prime/quartus/libraries/megafunctions/altram.inc            ;         ;
; altdpram.inc                         ; yes             ; Megafunction                 ; d:/quartus_prime/quartus/libraries/megafunctions/altdpram.inc          ;         ;
; db/altsyncram_6fl1.tdf               ; yes             ; Auto-Generated Megafunction  ; E:/Fall_2021/CSE_2441/trisc/trisc/db/altsyncram_6fl1.tdf               ;         ;
+--------------------------------------+-----------------+------------------------------+------------------------------------------------------------------------+---------+


+----------------------------------------------------------------------------------------+
; Analysis & Synthesis Resource Usage Summary                                            ;
+---------------------------------------------+------------------------------------------+
; Resource                                    ; Usage                                    ;
+---------------------------------------------+------------------------------------------+
; Estimated Total logic elements              ; 156                                      ;
;                                             ;                                          ;
; Total combinational functions               ; 151                                      ;
; Logic element usage by number of LUT inputs ;                                          ;
;     -- 4 input functions                    ; 83                                       ;
;     -- 3 input functions                    ; 42                                       ;
;     -- <=2 input functions                  ; 26                                       ;
;                                             ;                                          ;
; Logic elements by mode                      ;                                          ;
;     -- normal mode                          ; 151                                      ;
;     -- arithmetic mode                      ; 0                                        ;
;                                             ;                                          ;
; Total registers                             ; 38                                       ;
;     -- Dedicated logic registers            ; 38                                       ;
;     -- I/O registers                        ; 0                                        ;
;                                             ;                                          ;
; I/O pins                                    ; 75                                       ;
; Total memory bits                           ; 128                                      ;
;                                             ;                                          ;
; Embedded Multiplier 9-bit elements          ; 0                                        ;
;                                             ;                                          ;
; Maximum fan-out node                        ; triscPCU:comb_30|triscFSM:comb_4|state.E ;
; Maximum fan-out                             ; 25                                       ;
; Total fan-out                               ; 804                                      ;
; Average fan-out                             ; 2.32                                     ;
+---------------------------------------------+------------------------------------------+


+----------------------------------------------------------------------------------------------------------------------------------------------------------------------------------------------------------------------------------------------------------------------------------------------------------------------+
; Analysis & Synthesis Resource Utilization by Entity                                                                                                                                                                                                                                                                  ;
+-------------------------------------------+---------------------+---------------------------+-------------+------------+--------------+---------+-----------+------+--------------+------------+------------------------------------------------------------------------------------+-----------------+--------------+
; Compilation Hierarchy Node                ; Combinational ALUTs ; Dedicated Logic Registers ; Memory Bits ; UFM Blocks ; DSP Elements ; DSP 9x9 ; DSP 18x18 ; Pins ; Virtual Pins ; ADC blocks ; Full Hierarchy Name                                                                ; Entity Name     ; Library Name ;
+-------------------------------------------+---------------------+---------------------------+-------------+------------+--------------+---------+-----------+------+--------------+------------+------------------------------------------------------------------------------------+-----------------+--------------+
; |trisc                                    ; 151 (21)            ; 38 (0)                    ; 128         ; 0          ; 0            ; 0       ; 0         ; 75   ; 0            ; 0          ; |trisc                                                                             ; trisc           ; work         ;
;    |BinUp:AddressGen|                     ; 4 (4)               ; 4 (4)                     ; 0           ; 0          ; 0            ; 0       ; 0         ; 0    ; 0            ; 0          ; |trisc|BinUp:AddressGen                                                            ; BinUp           ; work         ;
;    |BinUp:comb_37|                        ; 18 (18)             ; 4 (4)                     ; 0           ; 0          ; 0            ; 0       ; 0         ; 0    ; 0            ; 0          ; |trisc|BinUp:comb_37                                                               ; BinUp           ; work         ;
;    |IR:IR|                                ; 0 (0)               ; 4 (4)                     ; 0           ; 0          ; 0            ; 0       ; 0         ; 0    ; 0            ; 0          ; |trisc|IR:IR                                                                       ; IR              ; work         ;
;    |OnOffToggle:DivideX2|                 ; 2 (2)               ; 1 (1)                     ; 0           ; 0          ; 0            ; 0       ; 0         ; 0    ; 0            ; 0          ; |trisc|OnOffToggle:DivideX2                                                        ; OnOffToggle     ; work         ;
;    |acc:comb_31|                          ; 18 (0)              ; 4 (0)                     ; 0           ; 0          ; 0            ; 0       ; 0         ; 0    ; 0            ; 0          ; |trisc|acc:comb_31                                                                 ; acc             ; work         ;
;       |BinUp:RegCount|                    ; 18 (18)             ; 4 (4)                     ; 0           ; 0          ; 0            ; 0       ; 0         ; 0    ; 0            ; 0          ; |trisc|acc:comb_31|BinUp:RegCount                                                  ; BinUp           ; work         ;
;    |binary2seven:comb_41|                 ; 7 (7)               ; 0 (0)                     ; 0           ; 0          ; 0            ; 0       ; 0         ; 0    ; 0            ; 0          ; |trisc|binary2seven:comb_41                                                        ; binary2seven    ; work         ;
;    |binary2seven:comb_42|                 ; 7 (7)               ; 0 (0)                     ; 0           ; 0          ; 0            ; 0       ; 0         ; 0    ; 0            ; 0          ; |trisc|binary2seven:comb_42                                                        ; binary2seven    ; work         ;
;    |binary2seven:comb_43|                 ; 7 (7)               ; 0 (0)                     ; 0           ; 0          ; 0            ; 0       ; 0         ; 0    ; 0            ; 0          ; |trisc|binary2seven:comb_43                                                        ; binary2seven    ; work         ;
;    |binary2seven:comb_44|                 ; 7 (7)               ; 0 (0)                     ; 0           ; 0          ; 0            ; 0       ; 0         ; 0    ; 0            ; 0          ; |trisc|binary2seven:comb_44                                                        ; binary2seven    ; work         ;
;    |binary2seven:comb_45|                 ; 7 (7)               ; 0 (0)                     ; 0           ; 0          ; 0            ; 0       ; 0         ; 0    ; 0            ; 0          ; |trisc|binary2seven:comb_45                                                        ; binary2seven    ; work         ;
;    |binary2seven:comb_46|                 ; 7 (7)               ; 0 (0)                     ; 0           ; 0          ; 0            ; 0       ; 0         ; 0    ; 0            ; 0          ; |trisc|binary2seven:comb_46                                                        ; binary2seven    ; work         ;
;    |triscPCU:comb_30|                     ; 46 (0)              ; 21 (0)                    ; 0           ; 0          ; 0            ; 0       ; 0         ; 0    ; 0            ; 0          ; |trisc|triscPCU:comb_30                                                            ; triscPCU        ; work         ;
;       |fourtosixteen:comb_3|              ; 5 (5)               ; 0 (0)                     ; 0           ; 0          ; 0            ; 0       ; 0         ; 0    ; 0            ; 0          ; |trisc|triscPCU:comb_30|fourtosixteen:comb_3                                       ; fourtosixteen   ; work         ;
;       |triscFSM:comb_4|                   ; 41 (41)             ; 21 (21)                   ; 0           ; 0          ; 0            ; 0       ; 0         ; 0    ; 0            ; 0          ; |trisc|triscPCU:comb_30|triscFSM:comb_4                                            ; triscFSM        ; work         ;
;    |triscRAM:RAM|                         ; 0 (0)               ; 0 (0)                     ; 128         ; 0          ; 0            ; 0       ; 0         ; 0    ; 0            ; 0          ; |trisc|triscRAM:RAM                                                                ; triscRAM        ; work         ;
;       |altsyncram:altsyncram_component|   ; 0 (0)               ; 0 (0)                     ; 128         ; 0          ; 0            ; 0       ; 0         ; 0    ; 0            ; 0          ; |trisc|triscRAM:RAM|altsyncram:altsyncram_component                                ; altsyncram      ; work         ;
;          |altsyncram_6fl1:auto_generated| ; 0 (0)               ; 0 (0)                     ; 128         ; 0          ; 0            ; 0       ; 0         ; 0    ; 0            ; 0          ; |trisc|triscRAM:RAM|altsyncram:altsyncram_component|altsyncram_6fl1:auto_generated ; altsyncram_6fl1 ; work         ;
+-------------------------------------------+---------------------+---------------------------+-------------+------------+--------------+---------+-----------+------+--------------+------------+------------------------------------------------------------------------------------+-----------------+--------------+
Note: For table entries with two numbers listed, the numbers in parentheses indicate the number of resources of the given type used by the specific entity alone. The numbers listed outside of parentheses indicate the total resources of the given type used by the specific entity and all of its sub-entities in the hierarchy.


+---------------------------------------------------------------------------------------------------------------------------------------------------------------------------------------+
; Analysis & Synthesis RAM Summary                                                                                                                                                      ;
+----------------------------------------------------------------------------------------+------+-------------+--------------+--------------+--------------+--------------+------+------+
; Name                                                                                   ; Type ; Mode        ; Port A Depth ; Port A Width ; Port B Depth ; Port B Width ; Size ; MIF  ;
+----------------------------------------------------------------------------------------+------+-------------+--------------+--------------+--------------+--------------+------+------+
; triscRAM:RAM|altsyncram:altsyncram_component|altsyncram_6fl1:auto_generated|ALTSYNCRAM ; AUTO ; Single Port ; 16           ; 8            ; --           ; --           ; 128  ; None ;
+----------------------------------------------------------------------------------------+------+-------------+--------------+--------------+--------------+--------------+------+------+


Encoding Type:  One-Hot
+---------------------------------------------------------------------------------------------------------------------------------------------------------------------------------------------------------------------------+
; State Machine - |trisc|triscPCU:comb_30|triscFSM:comb_4|state                                                                                                                                                             ;
+---------+---------+---------+---------+---------+---------+---------+---------+---------+---------+---------+---------+---------+---------+---------+---------+---------+---------+---------+---------+---------+---------+
; Name    ; state.U ; state.T ; state.S ; state.R ; state.Q ; state.P ; state.O ; state.N ; state.M ; state.L ; state.K ; state.J ; state.I ; state.H ; state.G ; state.F ; state.E ; state.D ; state.C ; state.B ; state.A ;
+---------+---------+---------+---------+---------+---------+---------+---------+---------+---------+---------+---------+---------+---------+---------+---------+---------+---------+---------+---------+---------+---------+
; state.A ; 0       ; 0       ; 0       ; 0       ; 0       ; 0       ; 0       ; 0       ; 0       ; 0       ; 0       ; 0       ; 0       ; 0       ; 0       ; 0       ; 0       ; 0       ; 0       ; 0       ; 0       ;
; state.B ; 0       ; 0       ; 0       ; 0       ; 0       ; 0       ; 0       ; 0       ; 0       ; 0       ; 0       ; 0       ; 0       ; 0       ; 0       ; 0       ; 0       ; 0       ; 0       ; 1       ; 1       ;
; state.C ; 0       ; 0       ; 0       ; 0       ; 0       ; 0       ; 0       ; 0       ; 0       ; 0       ; 0       ; 0       ; 0       ; 0       ; 0       ; 0       ; 0       ; 0       ; 1       ; 0       ; 1       ;
; state.D ; 0       ; 0       ; 0       ; 0       ; 0       ; 0       ; 0       ; 0       ; 0       ; 0       ; 0       ; 0       ; 0       ; 0       ; 0       ; 0       ; 0       ; 1       ; 0       ; 0       ; 1       ;
; state.E ; 0       ; 0       ; 0       ; 0       ; 0       ; 0       ; 0       ; 0       ; 0       ; 0       ; 0       ; 0       ; 0       ; 0       ; 0       ; 0       ; 1       ; 0       ; 0       ; 0       ; 1       ;
; state.F ; 0       ; 0       ; 0       ; 0       ; 0       ; 0       ; 0       ; 0       ; 0       ; 0       ; 0       ; 0       ; 0       ; 0       ; 0       ; 1       ; 0       ; 0       ; 0       ; 0       ; 1       ;
; state.G ; 0       ; 0       ; 0       ; 0       ; 0       ; 0       ; 0       ; 0       ; 0       ; 0       ; 0       ; 0       ; 0       ; 0       ; 1       ; 0       ; 0       ; 0       ; 0       ; 0       ; 1       ;
; state.H ; 0       ; 0       ; 0       ; 0       ; 0       ; 0       ; 0       ; 0       ; 0       ; 0       ; 0       ; 0       ; 0       ; 1       ; 0       ; 0       ; 0       ; 0       ; 0       ; 0       ; 1       ;
; state.I ; 0       ; 0       ; 0       ; 0       ; 0       ; 0       ; 0       ; 0       ; 0       ; 0       ; 0       ; 0       ; 1       ; 0       ; 0       ; 0       ; 0       ; 0       ; 0       ; 0       ; 1       ;
; state.J ; 0       ; 0       ; 0       ; 0       ; 0       ; 0       ; 0       ; 0       ; 0       ; 0       ; 0       ; 1       ; 0       ; 0       ; 0       ; 0       ; 0       ; 0       ; 0       ; 0       ; 1       ;
; state.K ; 0       ; 0       ; 0       ; 0       ; 0       ; 0       ; 0       ; 0       ; 0       ; 0       ; 1       ; 0       ; 0       ; 0       ; 0       ; 0       ; 0       ; 0       ; 0       ; 0       ; 1       ;
; state.L ; 0       ; 0       ; 0       ; 0       ; 0       ; 0       ; 0       ; 0       ; 0       ; 1       ; 0       ; 0       ; 0       ; 0       ; 0       ; 0       ; 0       ; 0       ; 0       ; 0       ; 1       ;
; state.M ; 0       ; 0       ; 0       ; 0       ; 0       ; 0       ; 0       ; 0       ; 1       ; 0       ; 0       ; 0       ; 0       ; 0       ; 0       ; 0       ; 0       ; 0       ; 0       ; 0       ; 1       ;
; state.N ; 0       ; 0       ; 0       ; 0       ; 0       ; 0       ; 0       ; 1       ; 0       ; 0       ; 0       ; 0       ; 0       ; 0       ; 0       ; 0       ; 0       ; 0       ; 0       ; 0       ; 1       ;
; state.O ; 0       ; 0       ; 0       ; 0       ; 0       ; 0       ; 1       ; 0       ; 0       ; 0       ; 0       ; 0       ; 0       ; 0       ; 0       ; 0       ; 0       ; 0       ; 0       ; 0       ; 1       ;
; state.P ; 0       ; 0       ; 0       ; 0       ; 0       ; 1       ; 0       ; 0       ; 0       ; 0       ; 0       ; 0       ; 0       ; 0       ; 0       ; 0       ; 0       ; 0       ; 0       ; 0       ; 1       ;
; state.Q ; 0       ; 0       ; 0       ; 0       ; 1       ; 0       ; 0       ; 0       ; 0       ; 0       ; 0       ; 0       ; 0       ; 0       ; 0       ; 0       ; 0       ; 0       ; 0       ; 0       ; 1       ;
; state.R ; 0       ; 0       ; 0       ; 1       ; 0       ; 0       ; 0       ; 0       ; 0       ; 0       ; 0       ; 0       ; 0       ; 0       ; 0       ; 0       ; 0       ; 0       ; 0       ; 0       ; 1       ;
; state.S ; 0       ; 0       ; 1       ; 0       ; 0       ; 0       ; 0       ; 0       ; 0       ; 0       ; 0       ; 0       ; 0       ; 0       ; 0       ; 0       ; 0       ; 0       ; 0       ; 0       ; 1       ;
; state.T ; 0       ; 1       ; 0       ; 0       ; 0       ; 0       ; 0       ; 0       ; 0       ; 0       ; 0       ; 0       ; 0       ; 0       ; 0       ; 0       ; 0       ; 0       ; 0       ; 0       ; 1       ;
; state.U ; 1       ; 0       ; 0       ; 0       ; 0       ; 0       ; 0       ; 0       ; 0       ; 0       ; 0       ; 0       ; 0       ; 0       ; 0       ; 0       ; 0       ; 0       ; 0       ; 0       ; 1       ;
+---------+---------+---------+---------+---------+---------+---------+---------+---------+---------+---------+---------+---------+---------+---------+---------+---------+---------+---------+---------+---------+---------+


+----------------------------------------------------------------------------------------------------------------------------+
; User-Specified and Inferred Latches                                                                                        ;
+-----------------------------------------------------+---------------------------------------------+------------------------+
; Latch Name                                          ; Latch Enable Signal                         ; Free of Timing Hazards ;
+-----------------------------------------------------+---------------------------------------------+------------------------+
; triscPCU:comb_30|triscFSM:comb_4|nextstate.B_817    ; triscPCU:comb_30|triscFSM:comb_4|Selector27 ; yes                    ;
; triscPCU:comb_30|triscFSM:comb_4|nextstate.C_798    ; triscPCU:comb_30|triscFSM:comb_4|Selector27 ; yes                    ;
; triscPCU:comb_30|triscFSM:comb_4|nextstate.D_779    ; triscPCU:comb_30|triscFSM:comb_4|Selector27 ; yes                    ;
; triscPCU:comb_30|triscFSM:comb_4|nextstate.E_760    ; triscPCU:comb_30|triscFSM:comb_4|Selector27 ; yes                    ;
; triscPCU:comb_30|triscFSM:comb_4|nextstate.U_474    ; triscPCU:comb_30|triscFSM:comb_4|Selector27 ; yes                    ;
; triscPCU:comb_30|triscFSM:comb_4|nextstate.L_639    ; triscPCU:comb_30|triscFSM:comb_4|Selector27 ; yes                    ;
; triscPCU:comb_30|triscFSM:comb_4|nextstate.T_493    ; triscPCU:comb_30|triscFSM:comb_4|Selector27 ; yes                    ;
; triscPCU:comb_30|triscFSM:comb_4|nextstate.F_741    ; GND                                         ; yes                    ;
; triscPCU:comb_30|triscFSM:comb_4|nextstate.G_725    ; GND                                         ; yes                    ;
; triscPCU:comb_30|triscFSM:comb_4|nextstate.N_604    ; triscPCU:comb_30|triscFSM:comb_4|Selector27 ; yes                    ;
; triscPCU:comb_30|triscFSM:comb_4|nextstate.O_585    ; triscPCU:comb_30|triscFSM:comb_4|Selector27 ; yes                    ;
; triscPCU:comb_30|triscFSM:comb_4|nextstate.J_677    ; triscPCU:comb_30|triscFSM:comb_4|Selector27 ; yes                    ;
; triscPCU:comb_30|triscFSM:comb_4|nextstate.K_658    ; triscPCU:comb_30|triscFSM:comb_4|Selector27 ; yes                    ;
; triscPCU:comb_30|triscFSM:comb_4|nextstate.Q_550    ; triscPCU:comb_30|triscFSM:comb_4|Selector27 ; yes                    ;
; triscPCU:comb_30|triscFSM:comb_4|nextstate.R_531    ; triscPCU:comb_30|triscFSM:comb_4|Selector27 ; yes                    ;
; triscPCU:comb_30|triscFSM:comb_4|nextstate.H_709    ; GND                                         ; yes                    ;
; triscPCU:comb_30|triscFSM:comb_4|nextstate.S_512    ; triscPCU:comb_30|triscFSM:comb_4|Selector27 ; yes                    ;
; triscPCU:comb_30|triscFSM:comb_4|nextstate.M_620    ; GND                                         ; yes                    ;
; triscPCU:comb_30|triscFSM:comb_4|nextstate.I_693    ; GND                                         ; yes                    ;
; triscPCU:comb_30|triscFSM:comb_4|nextstate.P_566    ; GND                                         ; yes                    ;
; Number of user-specified and inferred latches = 20  ;                                             ;                        ;
+-----------------------------------------------------+---------------------------------------------+------------------------+
Note: All latches listed above may not be present at the end of synthesis due to various synthesis optimizations.


+---------------------------------------------------------------+
; Registers Removed During Synthesis                            ;
+------------------------------------------+--------------------+
; Register name                            ; Reason for Removal ;
+------------------------------------------+--------------------+
; IR:BR|Q[0..3]                            ; Lost fanout        ;
; triscPCU:comb_30|triscFSM:comb_4|state~4 ; Lost fanout        ;
; triscPCU:comb_30|triscFSM:comb_4|state~5 ; Lost fanout        ;
; triscPCU:comb_30|triscFSM:comb_4|state~6 ; Lost fanout        ;
; triscPCU:comb_30|triscFSM:comb_4|state~7 ; Lost fanout        ;
; triscPCU:comb_30|triscFSM:comb_4|state~8 ; Lost fanout        ;
; Total Number of Removed Registers = 9    ;                    ;
+------------------------------------------+--------------------+


+------------------------------------------------------+
; General Register Statistics                          ;
+----------------------------------------------+-------+
; Statistic                                    ; Value ;
+----------------------------------------------+-------+
; Total registers                              ; 38    ;
; Number of registers using Synchronous Clear  ; 0     ;
; Number of registers using Synchronous Load   ; 0     ;
; Number of registers using Asynchronous Clear ; 37    ;
; Number of registers using Asynchronous Load  ; 0     ;
; Number of registers using Clock Enable       ; 0     ;
; Number of registers using Preset             ; 0     ;
+----------------------------------------------+-------+


+------------------------------------------------------------------------------------------------------------------------------------------+
; Multiplexer Restructuring Statistics (Restructuring Performed)                                                                           ;
+--------------------+-----------+---------------+----------------------+------------------------+------------+----------------------------+
; Multiplexer Inputs ; Bus Width ; Baseline Area ; Area if Restructured ; Saving if Restructured ; Registered ; Example Multiplexer Output ;
+--------------------+-----------+---------------+----------------------+------------------------+------------+----------------------------+
; 3:1                ; 4 bits    ; 8 LEs         ; 8 LEs                ; 0 LEs                  ; No         ; |trisc|AddIn[3]            ;
+--------------------+-----------+---------------+----------------------+------------------------+------------+----------------------------+


+----------------------------------------------------------------------------------------------------+
; Source assignments for triscRAM:RAM|altsyncram:altsyncram_component|altsyncram_6fl1:auto_generated ;
+---------------------------------+--------------------+------+--------------------------------------+
; Assignment                      ; Value              ; From ; To                                   ;
+---------------------------------+--------------------+------+--------------------------------------+
; OPTIMIZE_POWER_DURING_SYNTHESIS ; NORMAL_COMPILATION ; -    ; -                                    ;
+---------------------------------+--------------------+------+--------------------------------------+


+-------------------------------------------------------------------+
; Parameter Settings for User Entity Instance: OnOffToggle:DivideX2 ;
+----------------+-------+------------------------------------------+
; Parameter Name ; Value ; Type                                     ;
+----------------+-------+------------------------------------------+
; ON             ; 1     ; Unsigned Binary                          ;
; OFF            ; 0     ; Unsigned Binary                          ;
+----------------+-------+------------------------------------------+
Note: In order to hide this table in the UI and the text report file, please set the "Show Parameter Settings in Synthesis Report" option in "Analysis and Synthesis Settings -> More Settings" to "Off".


+---------------------------------------------------------------+
; Parameter Settings for User Entity Instance: BinUp:AddressGen ;
+----------------+-------+--------------------------------------+
; Parameter Name ; Value ; Type                                 ;
+----------------+-------+--------------------------------------+
; N              ; 4     ; Signed Integer                       ;
+----------------+-------+--------------------------------------+
Note: In order to hide this table in the UI and the text report file, please set the "Show Parameter Settings in Synthesis Report" option in "Analysis and Synthesis Settings -> More Settings" to "Off".


+---------------------------------------------------------------------------------------------------------------------------+
; Parameter Settings for User Entity Instance: triscRAM:RAM|altsyncram:altsyncram_component                                 ;
+------------------------------------+---------------------------------------------------------------------+----------------+
; Parameter Name                     ; Value                                                               ; Type           ;
+------------------------------------+---------------------------------------------------------------------+----------------+
; BYTE_SIZE_BLOCK                    ; 8                                                                   ; Untyped        ;
; AUTO_CARRY_CHAINS                  ; ON                                                                  ; AUTO_CARRY     ;
; IGNORE_CARRY_BUFFERS               ; OFF                                                                 ; IGNORE_CARRY   ;
; AUTO_CASCADE_CHAINS                ; ON                                                                  ; AUTO_CASCADE   ;
; IGNORE_CASCADE_BUFFERS             ; OFF                                                                 ; IGNORE_CASCADE ;
; WIDTH_BYTEENA                      ; 1                                                                   ; Untyped        ;
; OPERATION_MODE                     ; SINGLE_PORT                                                         ; Untyped        ;
; WIDTH_A                            ; 8                                                                   ; Signed Integer ;
; WIDTHAD_A                          ; 4                                                                   ; Signed Integer ;
; NUMWORDS_A                         ; 16                                                                  ; Signed Integer ;
; OUTDATA_REG_A                      ; CLOCK0                                                              ; Untyped        ;
; ADDRESS_ACLR_A                     ; NONE                                                                ; Untyped        ;
; OUTDATA_ACLR_A                     ; NONE                                                                ; Untyped        ;
; WRCONTROL_ACLR_A                   ; NONE                                                                ; Untyped        ;
; INDATA_ACLR_A                      ; NONE                                                                ; Untyped        ;
; BYTEENA_ACLR_A                     ; NONE                                                                ; Untyped        ;
; WIDTH_B                            ; 1                                                                   ; Untyped        ;
; WIDTHAD_B                          ; 1                                                                   ; Untyped        ;
; NUMWORDS_B                         ; 1                                                                   ; Untyped        ;
; INDATA_REG_B                       ; CLOCK1                                                              ; Untyped        ;
; WRCONTROL_WRADDRESS_REG_B          ; CLOCK1                                                              ; Untyped        ;
; RDCONTROL_REG_B                    ; CLOCK1                                                              ; Untyped        ;
; ADDRESS_REG_B                      ; CLOCK1                                                              ; Untyped        ;
; OUTDATA_REG_B                      ; UNREGISTERED                                                        ; Untyped        ;
; BYTEENA_REG_B                      ; CLOCK1                                                              ; Untyped        ;
; INDATA_ACLR_B                      ; NONE                                                                ; Untyped        ;
; WRCONTROL_ACLR_B                   ; NONE                                                                ; Untyped        ;
; ADDRESS_ACLR_B                     ; NONE                                                                ; Untyped        ;
; OUTDATA_ACLR_B                     ; NONE                                                                ; Untyped        ;
; RDCONTROL_ACLR_B                   ; NONE                                                                ; Untyped        ;
; BYTEENA_ACLR_B                     ; NONE                                                                ; Untyped        ;
; WIDTH_BYTEENA_A                    ; 1                                                                   ; Signed Integer ;
; WIDTH_BYTEENA_B                    ; 1                                                                   ; Untyped        ;
; RAM_BLOCK_TYPE                     ; AUTO                                                                ; Untyped        ;
; BYTE_SIZE                          ; 8                                                                   ; Untyped        ;
; READ_DURING_WRITE_MODE_MIXED_PORTS ; DONT_CARE                                                           ; Untyped        ;
; READ_DURING_WRITE_MODE_PORT_A      ; NEW_DATA_NO_NBE_READ                                                ; Untyped        ;
; READ_DURING_WRITE_MODE_PORT_B      ; NEW_DATA_NO_NBE_READ                                                ; Untyped        ;
; INIT_FILE                          ; ../../My Documents/CSE 2441/Fall 2021/designs/triscRAM/triscRAM.mif ; Untyped        ;
; INIT_FILE_LAYOUT                   ; PORT_A                                                              ; Untyped        ;
; MAXIMUM_DEPTH                      ; 0                                                                   ; Untyped        ;
; CLOCK_ENABLE_INPUT_A               ; BYPASS                                                              ; Untyped        ;
; CLOCK_ENABLE_INPUT_B               ; NORMAL                                                              ; Untyped        ;
; CLOCK_ENABLE_OUTPUT_A              ; BYPASS                                                              ; Untyped        ;
; CLOCK_ENABLE_OUTPUT_B              ; NORMAL                                                              ; Untyped        ;
; CLOCK_ENABLE_CORE_A                ; USE_INPUT_CLKEN                                                     ; Untyped        ;
; CLOCK_ENABLE_CORE_B                ; USE_INPUT_CLKEN                                                     ; Untyped        ;
; ENABLE_ECC                         ; FALSE                                                               ; Untyped        ;
; ECC_PIPELINE_STAGE_ENABLED         ; FALSE                                                               ; Untyped        ;
; WIDTH_ECCSTATUS                    ; 3                                                                   ; Untyped        ;
; DEVICE_FAMILY                      ; MAX 10                                                              ; Untyped        ;
; CBXI_PARAMETER                     ; altsyncram_6fl1                                                     ; Untyped        ;
+------------------------------------+---------------------------------------------------------------------+----------------+
Note: In order to hide this table in the UI and the text report file, please set the "Show Parameter Settings in Synthesis Report" option in "Analysis and Synthesis Settings -> More Settings" to "Off".


+----------------------------------------------------+
; Parameter Settings for User Entity Instance: IR:IR ;
+----------------+-------+---------------------------+
; Parameter Name ; Value ; Type                      ;
+----------------+-------+---------------------------+
; N              ; 4     ; Signed Integer            ;
+----------------+-------+---------------------------+
Note: In order to hide this table in the UI and the text report file, please set the "Show Parameter Settings in Synthesis Report" option in "Analysis and Synthesis Settings -> More Settings" to "Off".


+-------------------------------------------------------------------------------+
; Parameter Settings for User Entity Instance: triscPCU:comb_30|triscFSM:comb_4 ;
+----------------+-------+------------------------------------------------------+
; Parameter Name ; Value ; Type                                                 ;
+----------------+-------+------------------------------------------------------+
; A              ; 00000 ; Unsigned Binary                                      ;
; B              ; 00001 ; Unsigned Binary                                      ;
; C              ; 00010 ; Unsigned Binary                                      ;
; D              ; 00011 ; Unsigned Binary                                      ;
; E              ; 00100 ; Unsigned Binary                                      ;
; F              ; 00101 ; Unsigned Binary                                      ;
; G              ; 00110 ; Unsigned Binary                                      ;
; H              ; 00111 ; Unsigned Binary                                      ;
; I              ; 01000 ; Unsigned Binary                                      ;
; J              ; 01001 ; Unsigned Binary                                      ;
; K              ; 01010 ; Unsigned Binary                                      ;
; L              ; 01011 ; Unsigned Binary                                      ;
; M              ; 01100 ; Unsigned Binary                                      ;
; N              ; 01101 ; Unsigned Binary                                      ;
; O              ; 01110 ; Unsigned Binary                                      ;
; P              ; 01111 ; Unsigned Binary                                      ;
; Q              ; 10000 ; Unsigned Binary                                      ;
; R              ; 10001 ; Unsigned Binary                                      ;
; S              ; 10010 ; Unsigned Binary                                      ;
; T              ; 10011 ; Unsigned Binary                                      ;
; U              ; 10100 ; Unsigned Binary                                      ;
+----------------+-------+------------------------------------------------------+
Note: In order to hide this table in the UI and the text report file, please set the "Show Parameter Settings in Synthesis Report" option in "Analysis and Synthesis Settings -> More Settings" to "Off".


+-----------------------------------------------------------------------------+
; Parameter Settings for User Entity Instance: acc:comb_31|two2one:two2oneMUX ;
+----------------+-------+----------------------------------------------------+
; Parameter Name ; Value ; Type                                               ;
+----------------+-------+----------------------------------------------------+
; N              ; 4     ; Signed Integer                                     ;
+----------------+-------+----------------------------------------------------+
Note: In order to hide this table in the UI and the text report file, please set the "Show Parameter Settings in Synthesis Report" option in "Analysis and Synthesis Settings -> More Settings" to "Off".


+-------------------------------------------------------------------------+
; Parameter Settings for User Entity Instance: acc:comb_31|BinUp:RegCount ;
+----------------+-------+------------------------------------------------+
; Parameter Name ; Value ; Type                                           ;
+----------------+-------+------------------------------------------------+
; N              ; 4     ; Signed Integer                                 ;
+----------------+-------+------------------------------------------------+
Note: In order to hide this table in the UI and the text report file, please set the "Show Parameter Settings in Synthesis Report" option in "Analysis and Synthesis Settings -> More Settings" to "Off".


+----------------------------------------------------+
; Parameter Settings for User Entity Instance: IR:BR ;
+----------------+-------+---------------------------+
; Parameter Name ; Value ; Type                      ;
+----------------+-------+---------------------------+
; N              ; 4     ; Signed Integer            ;
+----------------+-------+---------------------------+
Note: In order to hide this table in the UI and the text report file, please set the "Show Parameter Settings in Synthesis Report" option in "Analysis and Synthesis Settings -> More Settings" to "Off".


+------------------------------------------------------------+
; Parameter Settings for User Entity Instance: BinUp:comb_37 ;
+----------------+-------+-----------------------------------+
; Parameter Name ; Value ; Type                              ;
+----------------+-------+-----------------------------------+
; N              ; 4     ; Signed Integer                    ;
+----------------+-------+-----------------------------------+
Note: In order to hide this table in the UI and the text report file, please set the "Show Parameter Settings in Synthesis Report" option in "Analysis and Synthesis Settings -> More Settings" to "Off".


+------------------------------------------------------------------------------------------+
; altsyncram Parameter Settings by Entity Instance                                         ;
+-------------------------------------------+----------------------------------------------+
; Name                                      ; Value                                        ;
+-------------------------------------------+----------------------------------------------+
; Number of entity instances                ; 1                                            ;
; Entity Instance                           ; triscRAM:RAM|altsyncram:altsyncram_component ;
;     -- OPERATION_MODE                     ; SINGLE_PORT                                  ;
;     -- WIDTH_A                            ; 8                                            ;
;     -- NUMWORDS_A                         ; 16                                           ;
;     -- OUTDATA_REG_A                      ; CLOCK0                                       ;
;     -- WIDTH_B                            ; 1                                            ;
;     -- NUMWORDS_B                         ; 1                                            ;
;     -- ADDRESS_REG_B                      ; CLOCK1                                       ;
;     -- OUTDATA_REG_B                      ; UNREGISTERED                                 ;
;     -- RAM_BLOCK_TYPE                     ; AUTO                                         ;
;     -- READ_DURING_WRITE_MODE_MIXED_PORTS ; DONT_CARE                                    ;
+-------------------------------------------+----------------------------------------------+


+----------------------------------------------------------------------------------------------------------------+
; Port Connectivity Checks: "alu:comb_36|AdderSubtractor:comb_3"                                                 ;
+------+--------+----------+-------------------------------------------------------------------------------------+
; Port ; Type   ; Severity ; Details                                                                             ;
+------+--------+----------+-------------------------------------------------------------------------------------+
; Cout ; Output ; Info     ; Connected to dangling logic. Logic that only feeds a dangling port will be removed. ;
; Ovr  ; Output ; Info     ; Connected to dangling logic. Logic that only feeds a dangling port will be removed. ;
+------+--------+----------+-------------------------------------------------------------------------------------+


+------------------------------------------------------------------------------------------------------------------------------------------------------------------------------------------------------------+
; Port Connectivity Checks: "acc:comb_31"                                                                                                                                                                    ;
+------+-------+----------+----------------------------------------------------------------------------------------------------------------------------------------------------------------------------------+
; Port ; Type  ; Severity ; Details                                                                                                                                                                          ;
+------+-------+----------+----------------------------------------------------------------------------------------------------------------------------------------------------------------------------------+
; A    ; Input ; Warning  ; Input port expression (8 bits) is wider than the input port (4 bits) it drives.  The 4 most-significant bit(s) in the expression will be dangling if they have no other fanouts. ;
+------+-------+----------+----------------------------------------------------------------------------------------------------------------------------------------------------------------------------------+


+---------------------------------------------------------------------------------------------------------------------+
; Port Connectivity Checks: "triscPCU:comb_30|fourtosixteen:comb_3"                                                   ;
+-----------+--------+----------+-------------------------------------------------------------------------------------+
; Port      ; Type   ; Severity ; Details                                                                             ;
+-----------+--------+----------+-------------------------------------------------------------------------------------+
; Y[11..15] ; Output ; Info     ; Connected to dangling logic. Logic that only feeds a dangling port will be removed. ;
+-----------+--------+----------+-------------------------------------------------------------------------------------+


+----------------------------------------------+
; Port Connectivity Checks: "BinUp:AddressGen" ;
+------+-------+----------+--------------------+
; Port ; Type  ; Severity ; Details            ;
+------+-------+----------+--------------------+
; load ; Input ; Info     ; Stuck at VCC       ;
; D    ; Input ; Info     ; Stuck at GND       ;
+------+-------+----------+--------------------+


+--------------------------------------------------+
; Port Connectivity Checks: "OnOffToggle:DivideX2" ;
+------+-------+----------+------------------------+
; Port ; Type  ; Severity ; Details                ;
+------+-------+----------+------------------------+
; IN   ; Input ; Info     ; Stuck at VCC           ;
+------+-------+----------+------------------------+


+-----------------------------------------------------+
; Post-Synthesis Netlist Statistics for Top Partition ;
+-----------------------+-----------------------------+
; Type                  ; Count                       ;
+-----------------------+-----------------------------+
; boundary_port         ; 75                          ;
; cycloneiii_ff         ; 38                          ;
;     CLR               ; 37                          ;
;     plain             ; 1                           ;
; cycloneiii_lcell_comb ; 160                         ;
;     normal            ; 160                         ;
;         0 data inputs ; 1                           ;
;         1 data inputs ; 11                          ;
;         2 data inputs ; 23                          ;
;         3 data inputs ; 42                          ;
;         4 data inputs ; 83                          ;
; cycloneiii_ram_block  ; 8                           ;
;                       ;                             ;
; Max LUT depth         ; 5.00                        ;
; Average LUT depth     ; 3.07                        ;
+-----------------------+-----------------------------+


+-------------------------------+
; Elapsed Time Per Partition    ;
+----------------+--------------+
; Partition Name ; Elapsed Time ;
+----------------+--------------+
; Top            ; 00:00:00     ;
+----------------+--------------+


+-------------------------------+
; Analysis & Synthesis Messages ;
+-------------------------------+
Info: *******************************************************************
Info: Running Quartus Prime Analysis & Synthesis
    Info: Version 20.1.1 Build 720 11/11/2020 SJ Lite Edition
    Info: Processing started: Sat Dec 04 14:48:11 2021
Info: Command: quartus_map --read_settings_files=on --write_settings_files=off trisc -c trisc
Warning (18236): Number of processors has not been specified which may cause overloading on shared machines.  Set the global assignment NUM_PARALLEL_PROCESSORS in your QSF to an appropriate value for best performance.
Info (20030): Parallel compilation is enabled and will use 4 of the 4 processors detected
Info (12021): Found 1 design units, including 1 entities, in source file /fall_2021/cse_2441/trisc/triscfsm/triscfsm.v
    Info (12023): Found entity 1: triscFSM File: E:/Fall_2021/CSE_2441/trisc/triscFSM/triscFSM.v Line: 2
Info (12021): Found 1 design units, including 1 entities, in source file /fall_2021/cse_2441/trisc/alu/alu.v
    Info (12023): Found entity 1: alu File: E:/Fall_2021/CSE_2441/trisc/alu/alu.v Line: 1
Info (12021): Found 1 design units, including 1 entities, in source file /fall_2021/cse_2441/trisc/pipo/pipo.v
    Info (12023): Found entity 1: pipo File: E:/Fall_2021/CSE_2441/trisc/pipo/pipo.v Line: 1
Info (12021): Found 1 design units, including 1 entities, in source file /fall_2021/cse_2441/trisc/nbitbinary/nbitbinary.v
    Info (12023): Found entity 1: nbitbinary File: E:/Fall_2021/CSE_2441/trisc/nbitbinary/nbitbinary.v Line: 1
Info (12021): Found 1 design units, including 1 entities, in source file /fall_2021/cse_2441/trisc/two2onemux/two2onemux.v
    Info (12023): Found entity 1: two2onemux File: E:/Fall_2021/CSE_2441/trisc/two2onemux/two2onemux.v Line: 1
Info (12021): Found 1 design units, including 1 entities, in source file /fall_2021/cse_2441/trisc/triscpcu/triscpcu.v
    Info (12023): Found entity 1: triscPCU File: E:/Fall_2021/CSE_2441/trisc/triscPCU/triscPCU.v Line: 1
Info (12021): Found 1 design units, including 1 entities, in source file /fall_2021/cse_2441/trisc/addersubtractor/addersubtractor.v
    Info (12023): Found entity 1: AdderSubtractor File: E:/Fall_2021/CSE_2441/trisc/AdderSubtractor/AdderSubtractor.v Line: 1
Info (12021): Found 1 design units, including 1 entities, in source file /fall_2021/cse_2441/trisc/fulladder/fulladder.v
    Info (12023): Found entity 1: fulladder File: E:/Fall_2021/CSE_2441/trisc/fulladder/fulladder.v Line: 2
Info (12021): Found 1 design units, including 1 entities, in source file /fall_2021/cse_2441/trisc/binary2seven/binary2seven.v
    Info (12023): Found entity 1: binary2seven File: E:/Fall_2021/CSE_2441/trisc/binary2seven/binary2seven.v Line: 2
Info (12021): Found 1 design units, including 1 entities, in source file /fall_2021/cse_2441/trisc/fourtosixteen/fourtosixteen.v
    Info (12023): Found entity 1: fourtosixteen File: E:/Fall_2021/CSE_2441/trisc/fourtosixteen/fourtosixteen.v Line: 2
Info (12021): Found 1 design units, including 1 entities, in source file /fall_2021/cse_2441/trisc/onofftoggle/onofftoggle.v
    Info (12023): Found entity 1: OnOffToggle File: E:/Fall_2021/CSE_2441/trisc/OnOffToggle/OnOffToggle.v Line: 1
Info (12021): Found 1 design units, including 1 entities, in source file /fall_2021/cse_2441/trisc/binup/binup.v
    Info (12023): Found entity 1: BinUp File: E:/Fall_2021/CSE_2441/trisc/BinUp/BinUp.v Line: 2
Info (12021): Found 1 design units, including 1 entities, in source file trisc.v
    Info (12023): Found entity 1: trisc File: E:/Fall_2021/CSE_2441/trisc/trisc/trisc.v Line: 1
Info (12021): Found 1 design units, including 1 entities, in source file /fall_2021/cse_2441/trisc/triscram/triscram.v
    Info (12023): Found entity 1: triscRAM File: E:/Fall_2021/CSE_2441/trisc/triscRAM/triscRAM.v Line: 40
Info (12021): Found 1 design units, including 1 entities, in source file ir.v
    Info (12023): Found entity 1: IR File: E:/Fall_2021/CSE_2441/trisc/trisc/IR.v Line: 2
Info (12021): Found 1 design units, including 1 entities, in source file acc.v
    Info (12023): Found entity 1: acc File: E:/Fall_2021/CSE_2441/trisc/trisc/acc.v Line: 1
Info (12021): Found 1 design units, including 1 entities, in source file two2one.v
    Info (12023): Found entity 1: two2one File: E:/Fall_2021/CSE_2441/trisc/trisc/two2one.v Line: 1
Critical Warning (10846): Verilog HDL Instantiation warning at alu.v(14): instance has no name File: E:/Fall_2021/CSE_2441/trisc/alu/alu.v Line: 14
Critical Warning (10846): Verilog HDL Instantiation warning at triscPCU.v(9): instance has no name File: E:/Fall_2021/CSE_2441/trisc/triscPCU/triscPCU.v Line: 9
Critical Warning (10846): Verilog HDL Instantiation warning at triscPCU.v(14): instance has no name File: E:/Fall_2021/CSE_2441/trisc/triscPCU/triscPCU.v Line: 14
Critical Warning (10846): Verilog HDL Instantiation warning at trisc.v(59): instance has no name File: E:/Fall_2021/CSE_2441/trisc/trisc/trisc.v Line: 59
Critical Warning (10846): Verilog HDL Instantiation warning at trisc.v(61): instance has no name File: E:/Fall_2021/CSE_2441/trisc/trisc/trisc.v Line: 61
Critical Warning (10846): Verilog HDL Instantiation warning at trisc.v(65): instance has no name File: E:/Fall_2021/CSE_2441/trisc/trisc/trisc.v Line: 65
Critical Warning (10846): Verilog HDL Instantiation warning at trisc.v(67): instance has no name File: E:/Fall_2021/CSE_2441/trisc/trisc/trisc.v Line: 67
Critical Warning (10846): Verilog HDL Instantiation warning at trisc.v(72): instance has no name File: E:/Fall_2021/CSE_2441/trisc/trisc/trisc.v Line: 72
Critical Warning (10846): Verilog HDL Instantiation warning at trisc.v(73): instance has no name File: E:/Fall_2021/CSE_2441/trisc/trisc/trisc.v Line: 73
Critical Warning (10846): Verilog HDL Instantiation warning at trisc.v(74): instance has no name File: E:/Fall_2021/CSE_2441/trisc/trisc/trisc.v Line: 74
Critical Warning (10846): Verilog HDL Instantiation warning at trisc.v(75): instance has no name File: E:/Fall_2021/CSE_2441/trisc/trisc/trisc.v Line: 75
Critical Warning (10846): Verilog HDL Instantiation warning at trisc.v(76): instance has no name File: E:/Fall_2021/CSE_2441/trisc/trisc/trisc.v Line: 76
Critical Warning (10846): Verilog HDL Instantiation warning at trisc.v(77): instance has no name File: E:/Fall_2021/CSE_2441/trisc/trisc/trisc.v Line: 77
Info (12127): Elaborating entity "trisc" for the top level hierarchy
Warning (10030): Net "MDI[7..4]" at trisc.v(18) has no driver or initial value, using a default initial value '0' File: E:/Fall_2021/CSE_2441/trisc/trisc/trisc.v Line: 18
Warning (10034): Output port "MDOut[15]" at trisc.v(8) has no driver File: E:/Fall_2021/CSE_2441/trisc/trisc/trisc.v Line: 8
Warning (10034): Output port "MDOut[7]" at trisc.v(8) has no driver File: E:/Fall_2021/CSE_2441/trisc/trisc/trisc.v Line: 8
Warning (10034): Output port "MDIn[15]" at trisc.v(8) has no driver File: E:/Fall_2021/CSE_2441/trisc/trisc/trisc.v Line: 8
Warning (10034): Output port "MDIn[7]" at trisc.v(8) has no driver File: E:/Fall_2021/CSE_2441/trisc/trisc/trisc.v Line: 8
Info (12128): Elaborating entity "OnOffToggle" for hierarchy "OnOffToggle:DivideX2" File: E:/Fall_2021/CSE_2441/trisc/trisc/trisc.v Line: 33
Info (12128): Elaborating entity "BinUp" for hierarchy "BinUp:AddressGen" File: E:/Fall_2021/CSE_2441/trisc/trisc/trisc.v Line: 42
Info (12128): Elaborating entity "triscRAM" for hierarchy "triscRAM:RAM" File: E:/Fall_2021/CSE_2441/trisc/trisc/trisc.v Line: 52
Info (12128): Elaborating entity "altsyncram" for hierarchy "triscRAM:RAM|altsyncram:altsyncram_component" File: E:/Fall_2021/CSE_2441/trisc/triscRAM/triscRAM.v Line: 86
Info (12130): Elaborated megafunction instantiation "triscRAM:RAM|altsyncram:altsyncram_component" File: E:/Fall_2021/CSE_2441/trisc/triscRAM/triscRAM.v Line: 86
Info (12133): Instantiated megafunction "triscRAM:RAM|altsyncram:altsyncram_component" with the following parameter: File: E:/Fall_2021/CSE_2441/trisc/triscRAM/triscRAM.v Line: 86
    Info (12134): Parameter "clock_enable_input_a" = "BYPASS"
    Info (12134): Parameter "clock_enable_output_a" = "BYPASS"
    Info (12134): Parameter "init_file" = "../../My Documents/CSE 2441/Fall 2021/designs/triscRAM/triscRAM.mif"
    Info (12134): Parameter "intended_device_family" = "MAX 10"
    Info (12134): Parameter "lpm_hint" = "ENABLE_RUNTIME_MOD=NO"
    Info (12134): Parameter "lpm_type" = "altsyncram"
    Info (12134): Parameter "numwords_a" = "16"
    Info (12134): Parameter "operation_mode" = "SINGLE_PORT"
    Info (12134): Parameter "outdata_aclr_a" = "NONE"
    Info (12134): Parameter "outdata_reg_a" = "CLOCK0"
    Info (12134): Parameter "power_up_uninitialized" = "FALSE"
    Info (12134): Parameter "read_during_write_mode_port_a" = "NEW_DATA_NO_NBE_READ"
    Info (12134): Parameter "widthad_a" = "4"
    Info (12134): Parameter "width_a" = "8"
    Info (12134): Parameter "width_byteena_a" = "1"
Info (12021): Found 1 design units, including 1 entities, in source file db/altsyncram_6fl1.tdf
    Info (12023): Found entity 1: altsyncram_6fl1 File: E:/Fall_2021/CSE_2441/trisc/trisc/db/altsyncram_6fl1.tdf Line: 28
Info (12128): Elaborating entity "altsyncram_6fl1" for hierarchy "triscRAM:RAM|altsyncram:altsyncram_component|altsyncram_6fl1:auto_generated" File: d:/quartus_prime/quartus/libraries/megafunctions/altsyncram.tdf Line: 792
Info (12128): Elaborating entity "IR" for hierarchy "IR:IR" File: E:/Fall_2021/CSE_2441/trisc/trisc/trisc.v Line: 57
Info (12128): Elaborating entity "triscPCU" for hierarchy "triscPCU:comb_30" File: E:/Fall_2021/CSE_2441/trisc/trisc/trisc.v Line: 59
Warning (10034): Output port "C[6]" at triscPCU.v(6) has no driver File: E:/Fall_2021/CSE_2441/trisc/triscPCU/triscPCU.v Line: 6
Info (12128): Elaborating entity "fourtosixteen" for hierarchy "triscPCU:comb_30|fourtosixteen:comb_3" File: E:/Fall_2021/CSE_2441/trisc/triscPCU/triscPCU.v Line: 9
Info (12128): Elaborating entity "triscFSM" for hierarchy "triscPCU:comb_30|triscFSM:comb_4" File: E:/Fall_2021/CSE_2441/trisc/triscPCU/triscPCU.v Line: 14
Warning (10240): Verilog HDL Always Construct warning at triscFSM.v(12): inferring latch(es) for variable "nextstate", which holds its previous value in one or more paths through the always construct File: E:/Fall_2021/CSE_2441/trisc/triscFSM/triscFSM.v Line: 12
Info (10041): Inferred latch for "nextstate.U" at triscFSM.v(12) File: E:/Fall_2021/CSE_2441/trisc/triscFSM/triscFSM.v Line: 12
Info (10041): Inferred latch for "nextstate.T" at triscFSM.v(12) File: E:/Fall_2021/CSE_2441/trisc/triscFSM/triscFSM.v Line: 12
Info (10041): Inferred latch for "nextstate.S" at triscFSM.v(12) File: E:/Fall_2021/CSE_2441/trisc/triscFSM/triscFSM.v Line: 12
Info (10041): Inferred latch for "nextstate.R" at triscFSM.v(12) File: E:/Fall_2021/CSE_2441/trisc/triscFSM/triscFSM.v Line: 12
Info (10041): Inferred latch for "nextstate.Q" at triscFSM.v(12) File: E:/Fall_2021/CSE_2441/trisc/triscFSM/triscFSM.v Line: 12
Info (10041): Inferred latch for "nextstate.P" at triscFSM.v(12) File: E:/Fall_2021/CSE_2441/trisc/triscFSM/triscFSM.v Line: 12
Info (10041): Inferred latch for "nextstate.O" at triscFSM.v(12) File: E:/Fall_2021/CSE_2441/trisc/triscFSM/triscFSM.v Line: 12
Info (10041): Inferred latch for "nextstate.N" at triscFSM.v(12) File: E:/Fall_2021/CSE_2441/trisc/triscFSM/triscFSM.v Line: 12
Info (10041): Inferred latch for "nextstate.M" at triscFSM.v(12) File: E:/Fall_2021/CSE_2441/trisc/triscFSM/triscFSM.v Line: 12
Info (10041): Inferred latch for "nextstate.L" at triscFSM.v(12) File: E:/Fall_2021/CSE_2441/trisc/triscFSM/triscFSM.v Line: 12
Info (10041): Inferred latch for "nextstate.K" at triscFSM.v(12) File: E:/Fall_2021/CSE_2441/trisc/triscFSM/triscFSM.v Line: 12
Info (10041): Inferred latch for "nextstate.J" at triscFSM.v(12) File: E:/Fall_2021/CSE_2441/trisc/triscFSM/triscFSM.v Line: 12
Info (10041): Inferred latch for "nextstate.I" at triscFSM.v(12) File: E:/Fall_2021/CSE_2441/trisc/triscFSM/triscFSM.v Line: 12
Info (10041): Inferred latch for "nextstate.H" at triscFSM.v(12) File: E:/Fall_2021/CSE_2441/trisc/triscFSM/triscFSM.v Line: 12
Info (10041): Inferred latch for "nextstate.G" at triscFSM.v(12) File: E:/Fall_2021/CSE_2441/trisc/triscFSM/triscFSM.v Line: 12
Info (10041): Inferred latch for "nextstate.F" at triscFSM.v(12) File: E:/Fall_2021/CSE_2441/trisc/triscFSM/triscFSM.v Line: 12
Info (10041): Inferred latch for "nextstate.E" at triscFSM.v(12) File: E:/Fall_2021/CSE_2441/trisc/triscFSM/triscFSM.v Line: 12
Info (10041): Inferred latch for "nextstate.D" at triscFSM.v(12) File: E:/Fall_2021/CSE_2441/trisc/triscFSM/triscFSM.v Line: 12
Info (10041): Inferred latch for "nextstate.C" at triscFSM.v(12) File: E:/Fall_2021/CSE_2441/trisc/triscFSM/triscFSM.v Line: 12
Info (10041): Inferred latch for "nextstate.B" at triscFSM.v(12) File: E:/Fall_2021/CSE_2441/trisc/triscFSM/triscFSM.v Line: 12
Info (12128): Elaborating entity "acc" for hierarchy "acc:comb_31" File: E:/Fall_2021/CSE_2441/trisc/trisc/trisc.v Line: 61
Info (12128): Elaborating entity "two2one" for hierarchy "acc:comb_31|two2one:two2oneMUX" File: E:/Fall_2021/CSE_2441/trisc/trisc/acc.v Line: 16
Info (12128): Elaborating entity "alu" for hierarchy "alu:comb_36" File: E:/Fall_2021/CSE_2441/trisc/trisc/trisc.v Line: 65
Warning (10235): Verilog HDL Always Construct warning at alu.v(23): variable "Ad" is read inside the Always Construct but isn't in the Always Construct's Event Control File: E:/Fall_2021/CSE_2441/trisc/alu/alu.v Line: 23
Warning (10235): Verilog HDL Always Construct warning at alu.v(28): variable "Ad" is read inside the Always Construct but isn't in the Always Construct's Event Control File: E:/Fall_2021/CSE_2441/trisc/alu/alu.v Line: 28
Warning (10235): Verilog HDL Always Construct warning at alu.v(34): variable "La" is read inside the Always Construct but isn't in the Always Construct's Event Control File: E:/Fall_2021/CSE_2441/trisc/alu/alu.v Line: 34
Warning (10235): Verilog HDL Always Construct warning at alu.v(39): variable "Lx" is read inside the Always Construct but isn't in the Always Construct's Event Control File: E:/Fall_2021/CSE_2441/trisc/alu/alu.v Line: 39
Warning (10240): Verilog HDL Always Construct warning at alu.v(19): inferring latch(es) for variable "R", which holds its previous value in one or more paths through the always construct File: E:/Fall_2021/CSE_2441/trisc/alu/alu.v Line: 19
Info (10041): Inferred latch for "R[0]" at alu.v(19) File: E:/Fall_2021/CSE_2441/trisc/alu/alu.v Line: 19
Info (10041): Inferred latch for "R[1]" at alu.v(19) File: E:/Fall_2021/CSE_2441/trisc/alu/alu.v Line: 19
Info (10041): Inferred latch for "R[2]" at alu.v(19) File: E:/Fall_2021/CSE_2441/trisc/alu/alu.v Line: 19
Info (10041): Inferred latch for "R[3]" at alu.v(19) File: E:/Fall_2021/CSE_2441/trisc/alu/alu.v Line: 19
Info (12128): Elaborating entity "AdderSubtractor" for hierarchy "alu:comb_36|AdderSubtractor:comb_3" File: E:/Fall_2021/CSE_2441/trisc/alu/alu.v Line: 14
Info (12128): Elaborating entity "fulladder" for hierarchy "alu:comb_36|AdderSubtractor:comb_3|fulladder:s0" File: E:/Fall_2021/CSE_2441/trisc/AdderSubtractor/AdderSubtractor.v Line: 26
Info (12128): Elaborating entity "binary2seven" for hierarchy "binary2seven:comb_41" File: E:/Fall_2021/CSE_2441/trisc/trisc/trisc.v Line: 72
Warning (19016): Clock multiplexers are found and protected
    Warning (19017): Found clock multiplexer RAMin File: E:/Fall_2021/CSE_2441/trisc/trisc/trisc.v Line: 15
Warning (14026): LATCH primitive "alu:comb_36|R[0]" is permanently enabled File: E:/Fall_2021/CSE_2441/trisc/alu/alu.v Line: 19
Warning (14026): LATCH primitive "alu:comb_36|R[1]" is permanently enabled File: E:/Fall_2021/CSE_2441/trisc/alu/alu.v Line: 19
Warning (14026): LATCH primitive "alu:comb_36|R[2]" is permanently enabled File: E:/Fall_2021/CSE_2441/trisc/alu/alu.v Line: 19
Warning (14026): LATCH primitive "alu:comb_36|R[3]" is permanently enabled File: E:/Fall_2021/CSE_2441/trisc/alu/alu.v Line: 19
Warning (14026): LATCH primitive "alu:comb_36|R[0]" is permanently enabled File: E:/Fall_2021/CSE_2441/trisc/alu/alu.v Line: 19
Warning (14026): LATCH primitive "alu:comb_36|R[1]" is permanently enabled File: E:/Fall_2021/CSE_2441/trisc/alu/alu.v Line: 19
Warning (14026): LATCH primitive "alu:comb_36|R[2]" is permanently enabled File: E:/Fall_2021/CSE_2441/trisc/alu/alu.v Line: 19
Warning (14026): LATCH primitive "alu:comb_36|R[3]" is permanently enabled File: E:/Fall_2021/CSE_2441/trisc/alu/alu.v Line: 19
Warning (12241): 1 hierarchies have connectivity warnings - see the Connectivity Checks report folder
Warning (13004): Presettable and clearable registers converted to equivalent circuits with latches. Registers power-up to an undefined state, and DEVCLRn places the registers in an undefined state.
    Warning (13310): Register "BinUp:comb_37|Q[0]" is converted into an equivalent circuit using register "BinUp:comb_37|Q[0]~_emulated" and latch "BinUp:comb_37|Q[0]~1" File: E:/Fall_2021/CSE_2441/trisc/BinUp/BinUp.v Line: 10
    Warning (13310): Register "BinUp:comb_37|Q[1]" is converted into an equivalent circuit using register "BinUp:comb_37|Q[1]~_emulated" and latch "BinUp:comb_37|Q[1]~6" File: E:/Fall_2021/CSE_2441/trisc/BinUp/BinUp.v Line: 10
    Warning (13310): Register "BinUp:comb_37|Q[2]" is converted into an equivalent circuit using register "BinUp:comb_37|Q[2]~_emulated" and latch "BinUp:comb_37|Q[2]~11" File: E:/Fall_2021/CSE_2441/trisc/BinUp/BinUp.v Line: 10
    Warning (13310): Register "BinUp:comb_37|Q[3]" is converted into an equivalent circuit using register "BinUp:comb_37|Q[3]~_emulated" and latch "BinUp:comb_37|Q[3]~16" File: E:/Fall_2021/CSE_2441/trisc/BinUp/BinUp.v Line: 10
    Warning (13310): Register "acc:comb_31|BinUp:RegCount|Q[0]" is converted into an equivalent circuit using register "acc:comb_31|BinUp:RegCount|Q[0]~_emulated" and latch "acc:comb_31|BinUp:RegCount|Q[0]~1" File: E:/Fall_2021/CSE_2441/trisc/BinUp/BinUp.v Line: 10
    Warning (13310): Register "acc:comb_31|BinUp:RegCount|Q[1]" is converted into an equivalent circuit using register "acc:comb_31|BinUp:RegCount|Q[1]~_emulated" and latch "acc:comb_31|BinUp:RegCount|Q[1]~6" File: E:/Fall_2021/CSE_2441/trisc/BinUp/BinUp.v Line: 10
    Warning (13310): Register "acc:comb_31|BinUp:RegCount|Q[2]" is converted into an equivalent circuit using register "acc:comb_31|BinUp:RegCount|Q[2]~_emulated" and latch "acc:comb_31|BinUp:RegCount|Q[2]~11" File: E:/Fall_2021/CSE_2441/trisc/BinUp/BinUp.v Line: 10
    Warning (13310): Register "acc:comb_31|BinUp:RegCount|Q[3]" is converted into an equivalent circuit using register "acc:comb_31|BinUp:RegCount|Q[3]~_emulated" and latch "acc:comb_31|BinUp:RegCount|Q[3]~16" File: E:/Fall_2021/CSE_2441/trisc/BinUp/BinUp.v Line: 10
Warning (13024): Output pins are stuck at VCC or GND
    Warning (13410): Pin "MDOut[7]" is stuck at GND File: E:/Fall_2021/CSE_2441/trisc/trisc/trisc.v Line: 8
    Warning (13410): Pin "MDOut[15]" is stuck at GND File: E:/Fall_2021/CSE_2441/trisc/trisc/trisc.v Line: 8
    Warning (13410): Pin "MDIn[7]" is stuck at GND File: E:/Fall_2021/CSE_2441/trisc/trisc/trisc.v Line: 8
    Warning (13410): Pin "MDIn[15]" is stuck at GND File: E:/Fall_2021/CSE_2441/trisc/trisc/trisc.v Line: 8
    Warning (13410): Pin "C[13]" is stuck at GND File: E:/Fall_2021/CSE_2441/trisc/trisc/trisc.v Line: 10
    Warning (13410): Pin "C[12]" is stuck at GND File: E:/Fall_2021/CSE_2441/trisc/trisc/trisc.v Line: 10
    Warning (13410): Pin "C[6]" is stuck at GND File: E:/Fall_2021/CSE_2441/trisc/trisc/trisc.v Line: 10
Info (286030): Timing-Driven Synthesis is running
Info (17049): 9 registers lost all their fanouts during netlist optimizations.
Info (17016): Found the following redundant logic cells in design
    Info (17048): Logic cell "OnOffToggle:DivideX2|Mult0" File: E:/Fall_2021/CSE_2441/trisc/OnOffToggle/OnOffToggle.v Line: 15
Info (16010): Generating hard_block partition "hard_block:auto_generated_inst"
    Info (16011): Adding 0 node(s), including 0 DDIO, 0 PLL, 0 transceiver and 0 LCELL
Info (21057): Implemented 259 device resources after synthesis - the final resource count might be different
    Info (21058): Implemented 14 input pins
    Info (21059): Implemented 61 output pins
    Info (21061): Implemented 176 logic cells
    Info (21064): Implemented 8 RAM segments
Info: Quartus Prime Analysis & Synthesis was successful. 0 errors, 54 warnings
    Info: Peak virtual memory: 4784 megabytes
    Info: Processing ended: Sat Dec 04 14:48:22 2021
    Info: Elapsed time: 00:00:11
    Info: Total CPU time (on all processors): 00:00:23


