------------------------------------------------------------
Timing Analyzer Summary
------------------------------------------------------------

Type  : Slow 1200mV 85C Model Setup 'SysClock'
Slack : -11.265
TNS   : -56.221

Type  : Slow 1200mV 85C Model Setup 'ClockIn'
Slack : -11.053
TNS   : -41.480

Type  : Slow 1200mV 85C Model Setup 'triscPCU:PCU|triscFSM:FSM|state.G'
Slack : -8.694
TNS   : -32.083

Type  : Slow 1200mV 85C Model Setup 'triscPCU:PCU|triscFSM:FSM|state.E'
Slack : -8.473
TNS   : -91.441

Type  : Slow 1200mV 85C Model Setup 'triscPCU:PCU|triscFSM:FSM|state.F'
Slack : -8.298
TNS   : -32.635

Type  : Slow 1200mV 85C Model Setup 'triscPCU:PCU|triscFSM:FSM|state.T'
Slack : -8.110
TNS   : -60.840

Type  : Slow 1200mV 85C Model Setup 'triscPCU:PCU|triscFSM:FSM|state.H'
Slack : -5.398
TNS   : -21.226

Type  : Slow 1200mV 85C Model Setup 'IR:InstructionRegester|Q[0]'
Slack : -3.693
TNS   : -22.676

Type  : Slow 1200mV 85C Model Setup 'OnOffToggle:DivideX2|state'
Slack : -0.319
TNS   : -0.480

Type  : Slow 1200mV 85C Model Hold 'OnOffToggle:DivideX2|state'
Slack : 0.347
TNS   : 0.000

Type  : Slow 1200mV 85C Model Hold 'IR:InstructionRegester|Q[0]'
Slack : 0.429
TNS   : 0.000

Type  : Slow 1200mV 85C Model Hold 'SysClock'
Slack : 0.640
TNS   : 0.000

Type  : Slow 1200mV 85C Model Hold 'triscPCU:PCU|triscFSM:FSM|state.F'
Slack : 0.732
TNS   : 0.000

Type  : Slow 1200mV 85C Model Hold 'triscPCU:PCU|triscFSM:FSM|state.E'
Slack : 0.933
TNS   : 0.000

Type  : Slow 1200mV 85C Model Hold 'triscPCU:PCU|triscFSM:FSM|state.T'
Slack : 1.370
TNS   : 0.000

Type  : Slow 1200mV 85C Model Hold 'triscPCU:PCU|triscFSM:FSM|state.G'
Slack : 1.538
TNS   : 0.000

Type  : Slow 1200mV 85C Model Hold 'ClockIn'
Slack : 1.730
TNS   : 0.000

Type  : Slow 1200mV 85C Model Hold 'triscPCU:PCU|triscFSM:FSM|state.H'
Slack : 4.214
TNS   : 0.000

Type  : Slow 1200mV 85C Model Recovery 'triscPCU:PCU|triscFSM:FSM|state.F'
Slack : -6.126
TNS   : -24.425

Type  : Slow 1200mV 85C Model Recovery 'triscPCU:PCU|triscFSM:FSM|state.G'
Slack : -3.394
TNS   : -11.202

Type  : Slow 1200mV 85C Model Recovery 'triscPCU:PCU|triscFSM:FSM|state.T'
Slack : -3.331
TNS   : -11.060

Type  : Slow 1200mV 85C Model Recovery 'triscPCU:PCU|triscFSM:FSM|state.E'
Slack : -2.104
TNS   : -8.354

Type  : Slow 1200mV 85C Model Recovery 'triscPCU:PCU|triscFSM:FSM|state.H'
Slack : -1.491
TNS   : -5.843

Type  : Slow 1200mV 85C Model Removal 'triscPCU:PCU|triscFSM:FSM|state.H'
Slack : 0.866
TNS   : 0.000

Type  : Slow 1200mV 85C Model Removal 'triscPCU:PCU|triscFSM:FSM|state.T'
Slack : 1.555
TNS   : 0.000

Type  : Slow 1200mV 85C Model Removal 'triscPCU:PCU|triscFSM:FSM|state.G'
Slack : 1.709
TNS   : 0.000

Type  : Slow 1200mV 85C Model Removal 'triscPCU:PCU|triscFSM:FSM|state.E'
Slack : 1.733
TNS   : 0.000

Type  : Slow 1200mV 85C Model Removal 'triscPCU:PCU|triscFSM:FSM|state.F'
Slack : 2.298
TNS   : 0.000

Type  : Slow 1200mV 85C Model Minimum Pulse Width 'SysClock'
Slack : -3.000
TNS   : -57.702

Type  : Slow 1200mV 85C Model Minimum Pulse Width 'ClockIn'
Slack : -3.000
TNS   : -31.145

Type  : Slow 1200mV 85C Model Minimum Pulse Width 'triscPCU:PCU|triscFSM:FSM|state.E'
Slack : -1.403
TNS   : -11.224

Type  : Slow 1200mV 85C Model Minimum Pulse Width 'OnOffToggle:DivideX2|state'
Slack : -1.403
TNS   : -5.612

Type  : Slow 1200mV 85C Model Minimum Pulse Width 'triscPCU:PCU|triscFSM:FSM|state.F'
Slack : -1.403
TNS   : -5.612

Type  : Slow 1200mV 85C Model Minimum Pulse Width 'triscPCU:PCU|triscFSM:FSM|state.T'
Slack : -1.403
TNS   : -5.612

Type  : Slow 1200mV 85C Model Minimum Pulse Width 'IR:InstructionRegester|Q[0]'
Slack : 0.325
TNS   : 0.000

Type  : Slow 1200mV 85C Model Minimum Pulse Width 'triscPCU:PCU|triscFSM:FSM|state.H'
Slack : 0.367
TNS   : 0.000

Type  : Slow 1200mV 85C Model Minimum Pulse Width 'triscPCU:PCU|triscFSM:FSM|state.G'
Slack : 0.385
TNS   : 0.000

Type  : Slow 1200mV 0C Model Setup 'SysClock'
Slack : -10.480
TNS   : -48.272

Type  : Slow 1200mV 0C Model Setup 'ClockIn'
Slack : -10.295
TNS   : -37.901

Type  : Slow 1200mV 0C Model Setup 'triscPCU:PCU|triscFSM:FSM|state.G'
Slack : -8.029
TNS   : -29.565

Type  : Slow 1200mV 0C Model Setup 'triscPCU:PCU|triscFSM:FSM|state.E'
Slack : -7.683
TNS   : -85.111

Type  : Slow 1200mV 0C Model Setup 'triscPCU:PCU|triscFSM:FSM|state.F'
Slack : -7.597
TNS   : -29.847

Type  : Slow 1200mV 0C Model Setup 'triscPCU:PCU|triscFSM:FSM|state.T'
Slack : -7.469
TNS   : -55.612

Type  : Slow 1200mV 0C Model Setup 'triscPCU:PCU|triscFSM:FSM|state.H'
Slack : -4.903
TNS   : -19.276

Type  : Slow 1200mV 0C Model Setup 'IR:InstructionRegester|Q[0]'
Slack : -3.543
TNS   : -22.569

Type  : Slow 1200mV 0C Model Setup 'OnOffToggle:DivideX2|state'
Slack : -0.197
TNS   : -0.259

Type  : Slow 1200mV 0C Model Hold 'OnOffToggle:DivideX2|state'
Slack : 0.311
TNS   : 0.000

Type  : Slow 1200mV 0C Model Hold 'SysClock'
Slack : 0.413
TNS   : 0.000

Type  : Slow 1200mV 0C Model Hold 'IR:InstructionRegester|Q[0]'
Slack : 0.474
TNS   : 0.000

Type  : Slow 1200mV 0C Model Hold 'triscPCU:PCU|triscFSM:FSM|state.F'
Slack : 0.591
TNS   : 0.000

Type  : Slow 1200mV 0C Model Hold 'triscPCU:PCU|triscFSM:FSM|state.E'
Slack : 0.815
TNS   : 0.000

Type  : Slow 1200mV 0C Model Hold 'triscPCU:PCU|triscFSM:FSM|state.T'
Slack : 1.209
TNS   : 0.000

Type  : Slow 1200mV 0C Model Hold 'triscPCU:PCU|triscFSM:FSM|state.G'
Slack : 1.520
TNS   : 0.000

Type  : Slow 1200mV 0C Model Hold 'ClockIn'
Slack : 1.600
TNS   : 0.000

Type  : Slow 1200mV 0C Model Hold 'triscPCU:PCU|triscFSM:FSM|state.H'
Slack : 3.876
TNS   : 0.000

Type  : Slow 1200mV 0C Model Recovery 'triscPCU:PCU|triscFSM:FSM|state.F'
Slack : -5.772
TNS   : -23.030

Type  : Slow 1200mV 0C Model Recovery 'triscPCU:PCU|triscFSM:FSM|state.T'
Slack : -3.241
TNS   : -10.792

Type  : Slow 1200mV 0C Model Recovery 'triscPCU:PCU|triscFSM:FSM|state.G'
Slack : -3.029
TNS   : -9.865

Type  : Slow 1200mV 0C Model Recovery 'triscPCU:PCU|triscFSM:FSM|state.E'
Slack : -1.994
TNS   : -7.911

Type  : Slow 1200mV 0C Model Recovery 'triscPCU:PCU|triscFSM:FSM|state.H'
Slack : -1.492
TNS   : -5.852

Type  : Slow 1200mV 0C Model Removal 'triscPCU:PCU|triscFSM:FSM|state.H'
Slack : 1.032
TNS   : 0.000

Type  : Slow 1200mV 0C Model Removal 'triscPCU:PCU|triscFSM:FSM|state.T'
Slack : 1.380
TNS   : 0.000

Type  : Slow 1200mV 0C Model Removal 'triscPCU:PCU|triscFSM:FSM|state.E'
Slack : 1.676
TNS   : 0.000

Type  : Slow 1200mV 0C Model Removal 'triscPCU:PCU|triscFSM:FSM|state.G'
Slack : 1.743
TNS   : 0.000

Type  : Slow 1200mV 0C Model Removal 'triscPCU:PCU|triscFSM:FSM|state.F'
Slack : 2.151
TNS   : 0.000

Type  : Slow 1200mV 0C Model Minimum Pulse Width 'SysClock'
Slack : -3.000
TNS   : -56.723

Type  : Slow 1200mV 0C Model Minimum Pulse Width 'ClockIn'
Slack : -3.000
TNS   : -30.066

Type  : Slow 1200mV 0C Model Minimum Pulse Width 'triscPCU:PCU|triscFSM:FSM|state.E'
Slack : -1.403
TNS   : -11.224

Type  : Slow 1200mV 0C Model Minimum Pulse Width 'OnOffToggle:DivideX2|state'
Slack : -1.403
TNS   : -5.612

Type  : Slow 1200mV 0C Model Minimum Pulse Width 'triscPCU:PCU|triscFSM:FSM|state.F'
Slack : -1.403
TNS   : -5.612

Type  : Slow 1200mV 0C Model Minimum Pulse Width 'triscPCU:PCU|triscFSM:FSM|state.T'
Slack : -1.403
TNS   : -5.612

Type  : Slow 1200mV 0C Model Minimum Pulse Width 'IR:InstructionRegester|Q[0]'
Slack : 0.311
TNS   : 0.000

Type  : Slow 1200mV 0C Model Minimum Pulse Width 'triscPCU:PCU|triscFSM:FSM|state.G'
Slack : 0.321
TNS   : 0.000

Type  : Slow 1200mV 0C Model Minimum Pulse Width 'triscPCU:PCU|triscFSM:FSM|state.H'
Slack : 0.464
TNS   : 0.000

Type  : Fast 1200mV 0C Model Setup 'SysClock'
Slack : -4.939
TNS   : -16.065

Type  : Fast 1200mV 0C Model Setup 'ClockIn'
Slack : -4.758
TNS   : -12.363

Type  : Fast 1200mV 0C Model Setup 'triscPCU:PCU|triscFSM:FSM|state.E'
Slack : -4.069
TNS   : -33.097

Type  : Fast 1200mV 0C Model Setup 'triscPCU:PCU|triscFSM:FSM|state.G'
Slack : -4.036
TNS   : -14.831

Type  : Fast 1200mV 0C Model Setup 'triscPCU:PCU|triscFSM:FSM|state.F'
Slack : -3.919
TNS   : -15.320

Type  : Fast 1200mV 0C Model Setup 'triscPCU:PCU|triscFSM:FSM|state.T'
Slack : -3.685
TNS   : -27.104

Type  : Fast 1200mV 0C Model Setup 'triscPCU:PCU|triscFSM:FSM|state.H'
Slack : -2.165
TNS   : -8.477

Type  : Fast 1200mV 0C Model Setup 'IR:InstructionRegester|Q[0]'
Slack : -1.021
TNS   : -1.678

Type  : Fast 1200mV 0C Model Setup 'OnOffToggle:DivideX2|state'
Slack : 0.426
TNS   : 0.000

Type  : Fast 1200mV 0C Model Hold 'IR:InstructionRegester|Q[0]'
Slack : -0.050
TNS   : -0.095

Type  : Fast 1200mV 0C Model Hold 'OnOffToggle:DivideX2|state'
Slack : 0.152
TNS   : 0.000

Type  : Fast 1200mV 0C Model Hold 'triscPCU:PCU|triscFSM:FSM|state.E'
Slack : 0.255
TNS   : 0.000

Type  : Fast 1200mV 0C Model Hold 'triscPCU:PCU|triscFSM:FSM|state.F'
Slack : 0.354
TNS   : 0.000

Type  : Fast 1200mV 0C Model Hold 'triscPCU:PCU|triscFSM:FSM|state.G'
Slack : 0.359
TNS   : 0.000

Type  : Fast 1200mV 0C Model Hold 'triscPCU:PCU|triscFSM:FSM|state.T'
Slack : 0.435
TNS   : 0.000

Type  : Fast 1200mV 0C Model Hold 'SysClock'
Slack : 0.525
TNS   : 0.000

Type  : Fast 1200mV 0C Model Hold 'ClockIn'
Slack : 0.598
TNS   : 0.000

Type  : Fast 1200mV 0C Model Hold 'triscPCU:PCU|triscFSM:FSM|state.H'
Slack : 2.095
TNS   : 0.000

Type  : Fast 1200mV 0C Model Recovery 'triscPCU:PCU|triscFSM:FSM|state.F'
Slack : -2.287
TNS   : -9.105

Type  : Fast 1200mV 0C Model Recovery 'triscPCU:PCU|triscFSM:FSM|state.G'
Slack : -1.417
TNS   : -4.548

Type  : Fast 1200mV 0C Model Recovery 'triscPCU:PCU|triscFSM:FSM|state.T'
Slack : -0.942
TNS   : -2.701

Type  : Fast 1200mV 0C Model Recovery 'triscPCU:PCU|triscFSM:FSM|state.E'
Slack : -0.786
TNS   : -3.062

Type  : Fast 1200mV 0C Model Recovery 'triscPCU:PCU|triscFSM:FSM|state.H'
Slack : -0.055
TNS   : -0.134

Type  : Fast 1200mV 0C Model Removal 'triscPCU:PCU|triscFSM:FSM|state.H'
Slack : 0.282
TNS   : 0.000

Type  : Fast 1200mV 0C Model Removal 'triscPCU:PCU|triscFSM:FSM|state.G'
Slack : 0.522
TNS   : 0.000

Type  : Fast 1200mV 0C Model Removal 'triscPCU:PCU|triscFSM:FSM|state.E'
Slack : 0.598
TNS   : 0.000

Type  : Fast 1200mV 0C Model Removal 'triscPCU:PCU|triscFSM:FSM|state.T'
Slack : 0.846
TNS   : 0.000

Type  : Fast 1200mV 0C Model Removal 'triscPCU:PCU|triscFSM:FSM|state.F'
Slack : 0.883
TNS   : 0.000

Type  : Fast 1200mV 0C Model Minimum Pulse Width 'SysClock'
Slack : -3.000
TNS   : -40.050

Type  : Fast 1200mV 0C Model Minimum Pulse Width 'ClockIn'
Slack : -3.000
TNS   : -19.098

Type  : Fast 1200mV 0C Model Minimum Pulse Width 'triscPCU:PCU|triscFSM:FSM|state.E'
Slack : -1.000
TNS   : -8.000

Type  : Fast 1200mV 0C Model Minimum Pulse Width 'OnOffToggle:DivideX2|state'
Slack : -1.000
TNS   : -4.000

Type  : Fast 1200mV 0C Model Minimum Pulse Width 'triscPCU:PCU|triscFSM:FSM|state.F'
Slack : -1.000
TNS   : -4.000

Type  : Fast 1200mV 0C Model Minimum Pulse Width 'triscPCU:PCU|triscFSM:FSM|state.T'
Slack : -1.000
TNS   : -4.000

Type  : Fast 1200mV 0C Model Minimum Pulse Width 'triscPCU:PCU|triscFSM:FSM|state.H'
Slack : 0.329
TNS   : 0.000

Type  : Fast 1200mV 0C Model Minimum Pulse Width 'IR:InstructionRegester|Q[0]'
Slack : 0.369
TNS   : 0.000

Type  : Fast 1200mV 0C Model Minimum Pulse Width 'triscPCU:PCU|triscFSM:FSM|state.G'
Slack : 0.425
TNS   : 0.000

------------------------------------------------------------
